Open Watcom Linker Version 1.9
Portions Copyright (c) 1985-2002 Sybase, Inc. All Rights Reserved.
Created on:       16/10/05 13:38:24
Executable Image: noname.exe
creating a Windows NT character-mode executable


                        +------------+
                        |   Groups   |
                        +------------+

Group                           Address              Size
=====                           =======              ====

.idata                          0041a000             00000786
DGROUP                          0041b000             000147e0



                        +--------------+
                        |   Segments   |
                        +--------------+

Segment                Class          Group          Address         Size
=======                =====          =====          =======         ====

BEGTEXT                CODE           AUTO           00401000        00000007
_TEXT                  CODE           AUTO           00401010        00017d3d
CODE32                 CODE           AUTO           00418d50        00000575
TRANSFER CODE          CODE           AUTO           004192c8        0000019e
.idata                 .idata         .idata         0041a000        00000786
_NULL                  BEGDATA        DGROUP         0041b000        00000004
_AFTERNULL             BEGDATA        DGROUP         0041b004        00000000
CONST                  DATA           DGROUP         0041b010        000005fc
_DATA                  DATA           DGROUP         0041b610        00001290
CONST2                 DATA           DGROUP         0041c8a0        00000000
XIB                    DATA           DGROUP         0041c8a0        00000000
XI                     DATA           DGROUP         0041c8a0        0000004e
XIE                    DATA           DGROUP         0041c8ee        00000000
YIB                    DATA           DGROUP         0041c8ee        00000000
YI                     DATA           DGROUP         0041c8ee        00000030
YIE                    DATA           DGROUP         0041c91e        00000000
DATA32                 DATA           DGROUP         0041c920        00000310
TIB                    DATA           DGROUP         0041cc30        00000000
TI                     DATA           DGROUP         0041cc30        00000000
TIE                    DATA           DGROUP         0041cc30        00000000
DATA                   DATA           DGROUP         0041cc30        00000000
GEOPACK                GEOPACK        DGROUP         0041d000        00000088
MODEL                  MODEL          DGROUP         0041d090        00000254
@BLANK                 @BLANK         DGROUP         0041d2f0        0000024c
FIDB0                  FIDB0          DGROUP         0041d540        0000000c
GENER                  GENER          DGROUP         0041d550        00000010
CONST32                CONST          DGROUP         0041d560        00000000
_BSS                   BSS            DGROUP         0041d560        00001174
GDATA@0                BSS            DGROUP         0041e6e0        000010f9
BSS32                  BSS            DGROUP         0041f7dc        00000000
STACK                  STACK          DGROUP         0041f7e0        00010000


                        +----------------+
                        |   Memory Map   |
                        +----------------+

* = unreferenced symbol
+ = symbol only referenced locally

Address        Symbol
=======        ======

Module: all.obj(C:\Users\DmitriyViktorovich\Desktop\igrf\all.for)
00401010*      IGRF_SUB
004010e5+      FINDB0
0040157f+      $SHELLG.
00402504+      SHELLG
00402541*      SHELLC
00402577+      STOER
004027fd+      $FELDG.
00402e9b+      FELDG
00402eda*      FELDC
00402f10+      FELDI
00402f3e+      FELDCOF
00403316+      GETSHC
0040351a+      INTERSHC
0040370a+      EXTRASHC
004038d1+      INITIZE
00403931+      RECALC
004043d0+      GEOMAG
00404532+      SUN
00404764+      SPHCAR
004048ab       FMAIN
0041d000+      GEOPACK
0041d090+      MODEL
0041d2f0+      @BLANK
0041d540+      FIDB0
0041d550+      GENER
Module: C:\WATCOM/lib386\math387r.lib(log87)
00404d20*      log_
00404d38*      log2_
00404d2c*      log10_
00404ccc       IF@LOG
00404ccc*      IF@DLOG
00404d0c*      IF@LOG2
00404d0c*      IF@DLOG2
00404d16*      IF@LOG10
00404d16*      IF@DLOG10
Module: C:\WATCOM/lib386\math387r.lib(asin87)
00404d5f*      asin_
00404d44*      IF@DASIN
00404d44       IF@ASIN
Module: C:\WATCOM/lib386\math387r.lib(sqrt87)
00404d6c*      sqrt_
00404d9c       IF@SQRT
00404d9c       IF@DSQRT
00404d9e       __@DSQRT
Module: C:\WATCOM/lib386\math387r.lib(trig87)
00404e1d*      sin_
00404e11*      cos_
00404e3e*      tan_
00404dd0       IF@COS
00404dd0*      IF@DCOS
00404dda       IF@SIN
00404dda*      IF@DSIN
00404e29*      IF@TAN
00404e29*      IF@DTAN
Module: C:\WATCOM/lib386\math387r.lib(exp87)
00404eb3*      exp_
00404e4c*      __@DEXP1
00404e54       IF@EXP
00404e54*      IF@DEXP
00404e56       __@DEXP
Module: C:\WATCOM/lib386\math387r.lib(fchop87)
00404ec0       __CHP
Module: C:\WATCOM/lib386/nt\flib7.lib(stop.c)
00404f00       RT@Stop
0041b858+      LG@STOP_HOOK
Module: C:\WATCOM/lib386/nt\flib7.lib(setintl.c)
00404f70       RT@SetIntl
Module: C:\WATCOM/lib386/nt\flib7.lib(setfmt.c)
00404f90       RT@SetFmt
Module: C:\WATCOM/lib386/nt\flib7.lib(cowrite)
00404fb0       RT@IOWrite
00404fbf*      RT@OutLOG1
00404fd1*      RT@OutLOG4
00404fdf*      RT@OutINT1
00404ff1*      RT@OutINT2
00405001       RT@OutINT4
00405010       RT@OutREAL
00405020*      RT@OutDBLE
00405030*      RT@OutXTND
00405040*      RT@OutCPLX
00405056*      RT@OutDBCX
0040506c*      RT@OutXTCX
00405082       RT@OutCHAR
00405087*      RT@OutSTR
0040508c*      RT@PrtArr
00405091*      RT@PrtChArr
Module: C:\WATCOM/lib386/nt\flib7.lib(cortns)
0041b85c*      _FRT_SaveESP
004050a1*      SwitchToGen
004050bf       SwitchToRT
004050dd       RdWrCommon
00405181       IOType_
0040519f       IOChar
004051ba       IOStr
004051cf       IOArr
004051ea       IOChArr
0040520c       RT@EndIO
Module: C:\WATCOM/lib386/nt\flib7.lib(setunit.c)
00405220       RT@SetUnit
Module: C:\WATCOM/lib386/nt\flib7.lib(setfile.c)
00405260       RT@SetFile
Module: C:\WATCOM/lib386/nt\flib7.lib(setstat.c)
00405280       RT@SetStat
Module: C:\WATCOM/lib386/nt\flib7.lib(setios.c)
004052a0       RT@SetIOS
Module: C:\WATCOM/lib386/nt\flib7.lib(seterr.c)
004052c0       RT@SetErr
Module: C:\WATCOM/lib386/nt\flib7.lib(exopen.c)
00405a00       RT@IOOpen
0041b87c+      _AccModTab
0041b88c+      _FormTab
0041b898+      _OpStatTab
0041b8ac+      _BlnkTab
0041b8b8+      _RecFmTab
0041b8c8+      _CCtrlTab
0041b8d4+      _ActionTab
0041b8e4+      _ShareTab
Module: C:\WATCOM/lib386/nt\flib7.lib(coread)
00405a16       RT@IORead
00405a25*      RT@InpLOG1
00405a34*      RT@InpLOG4
00405a43*      RT@InpINT1
00405a52*      RT@InpINT2
00405a61       RT@InpINT4
00405a70       RT@InpREAL
00405a7f*      RT@InpDBLE
00405a8e*      RT@InpXTND
00405a9d*      RT@InpCPLX
00405aac*      RT@InpDBCX
00405abb*      RT@InpXTCX
00405aca       RT@InpCHAR
00405acf*      RT@InpSTR
00405ad4*      RT@InpArr
00405ad9*      RT@InpChArr
Module: C:\WATCOM/lib386/nt\flib7.lib(exclose.c)
00405bd0       RT@IOClose
Module: C:\WATCOM/lib386\math387r.lib(atan87)
00405c12*      atan_
00405c1e*      atan2_
00405be8       IF@ATAN
00405be8*      IF@DATAN
00405bfd       IF@ATAN2
00405bfd       IF@DATAN2
Module: C:\WATCOM/lib386\math387r.lib(fmod87)
00405c4b*      fmod_
00405c30       IF@DFMOD
00405c30*      IF@FMOD
Module: C:\WATCOM/lib386/nt\flib7.lib(setform.c)
00405c60       RT@SetForm
Module: C:\WATCOM/lib386/nt\flib7.lib(setend.c)
00405c80       RT@SetEnd
Module: C:\WATCOM/lib386/nt\clib3r.lib(cstrtwnt)
00405c90       _cstart_
00405c90*      mainCRTStartup
Module: C:\WATCOM/lib386/nt\clib3r.lib(_8087)
0041b90c       __8087
0041b90d       __real87
Module: C:\WATCOM/lib386/nt\emu387.lib(386)
00405cec       __init_387_emulator
00405ced*      __fini_387_emulator
Module: C:\WATCOM/lib386/nt\flib7.lib(initeng.c)
0041d5e0       __init_english
Module: C:\WATCOM/lib386/nt\flib7.lib(initerr.c)
0041d5e4       __init_error
Module: C:\WATCOM/lib386\math387r.lib(log87e.c)
00405cf0       __log87_err_
Module: C:\WATCOM/lib386\math387r.lib(math87e.c)
00405d25       __math87_err_
Module: C:\WATCOM/lib386/nt\clib3r.lib(chipvar)
0041b910       ___chipbug
0041b910       __chipbug
Module: C:\WATCOM/lib386/nt\clib3r.lib(chipt32.asm)
00405d90       __fptan_chk
Module: C:\WATCOM/lib386/nt\flib7.lib(rtinit.c)
0041b914       ___FAppType
0041b918       __ExceptionInit
0041b91c       __ExceptionFini
00405e60*      __InitFThreadData_
00405ea0+      RTSysFini_
00405eb0       RTSysInit_
0041b924       __AccessFIO
0041b928       __ReleaseFIO
0041b92c       __PartialReleaseFIO
0041d5e8       ___FThreadDataOffset
0041c8be*      ___fthread_data_size
Module: C:\WATCOM/lib386/nt\clib3r.lib(mainwnt.c)
0041b930       ___TlsIndex
0041b934       ___FirstThreadData
0041b938       ___GetThreadPtr
0041b93c       __AccessFileH
0041b940       __ReleaseFileH
0041b944       __AccessIOB
0041b948       __ReleaseIOB
0041b94c       __AccessNHeap
0041b950       __AccessFHeap
0041b954       __ReleaseNHeap
00405f20*      __threadid_
00405f40+      __sig_null_rtn_
00405f50+      __NTInit_
00406130+      __NTFini_
00406190       __NTMainInit_
004061f0       __exit_
0041b958       __ReleaseFHeap
0041b95c       __AccessTDList
0041b960       __ReleaseTDList
0041b964       __AccessFList
0041b968       __ReleaseFList
0041b96c       __ThreadExitRtn
0041b970       ___sig_init_rtn
0041b974       ___sig_fini_rtn
0041b978       ___process_fini
0041d5f4       ___Is_DLL
Module: C:\WATCOM/lib386/nt\flib7.lib(spawn.c)
00406240       Spawn_
004062a0       Suicide_
Module: C:\WATCOM/lib386/nt\flib7.lib(rterr.c)
0041b97c+      _TraceRoutine
00406300       FlushStdUnit_
00406350+      WriteErr_
00406420       ErrHandler_
00406460       RTErr_
0041b988+      LG@ERR_HOOK
Module: C:\WATCOM/lib386/nt\flib7.lib(stdio.c)
004064a0       StdBuffer_
004064c0       StdWrite_
004065a0       StdFlush_
004065d0       StdWriteNL_
Module: C:\WATCOM/lib386/nt\flib7.lib(runmain.c)
00406600*      __InitUnit6CC_
00406610       __DevicesCC_
00406620*      __InitAllowCommaSeparator_
00406630       __AllowCommaSep_
00406640+      _InitIO_
004066b0+      CloseAllFiles_
004066f0*      _FiniEx_
004066f0       RunExit_
00406730       RunEntry_
Module: C:\WATCOM/lib386/nt\flib7.lib(setiocb.c)
00406760       RT@SetIOCB
Module: C:\WATCOM/lib386/nt\flib7.lib(rdata.c)
0041dc20       _IORslt
0041dc30       _FmtBuff
0041dc34*      _Fmt_revert
0041dc38*      _Fmt_start
0041dc3c*      _Fmt_paren_level
0041dc40*      _Fmt_charptr
0041dc44*      _FmtEmStruct
0041dc48       _IOTypeRtn
0041dc4c*      _Fmt_end
0041dc50*      _Fmt_rep_spec
0041dc54       _FmtRoutine
0041dc58       _IOCB
0041dc5c       _Files
0041dc60*      _Fmt_delimited
Module: C:\WATCOM/lib386/nt\flib7.lib(rfmtexec.c)
00407120       R_FExec_
Module: C:\WATCOM/lib386/nt\flib7.lib(exwrite.c)
004071c0       DoWrite_
Module: C:\WATCOM/lib386/nt\flib7.lib(iomain.c)
004071f0       __ReleaseIOSys_
00407210       IOMain_
Module: C:\WATCOM/lib386/nt\clib3r.lib(crwdata)
0041bddc       __osmajor
0041bddd       __osminor
0041bdde       __osbuild
0041bde0       __osver
0041bde4       __winmajor
0041bde8       __winminor
0041bdec       __winver
0041bda8       __LpDllName
0041bdac       __LpwCmdLine
0041bdb0       __LpwPgmName
0041bdb4       __LpwDllName
0041bda0       __LpCmdLine
0041bda4       __LpPgmName
0041bd98*      __dynend
0041bd9c       __curbrk
0041bdb8*      __STACKLOW
0041bdbc       __STACKTOP
0041bdc0       __ASTACKSIZ
0041bdc4       __ASTACKPTR
0041bdc8*      __cbyte
0041bdcc*      __cbyte2
0041bdd0*      __child
0041bdd6       __Envptr
0041bdda*      __Envseg
0041bdd4       __no87
0041bdf0       ___FPE_handler
Module: C:\WATCOM/lib386/nt\flib7.lib(thrdutil.c)
00407420*      __InitMultiThreadIO_
0041bdf8       ___SwitchStkLow
Module: C:\WATCOM/lib386/nt\flib7.lib(rtutls.c)
00407450       FindFtnFile_
00407540       RChkAlloc_
00407570       F_Connect_
004075f0       ConnectFile_
00407600       GetFileInfo_
004076f0       DiscoFile_
00407760*      ChkFileName_
00407790+      ChkLogFile_
004077d0       ChkIOOperation_
00407810       GetIOErr_
00407820       ChkIOErr_
00407840       ChkUnitId_
00407880*      ChkConnected_
004078a0       SetEOF_
004078d0       ClearEOF_
00407910       SysEOF_
00407940       IsFixed_
00407950       IsCarriage_
00407960*      ChkRecordStructure_
00407990*      ChkSequential_
004079b0*      ChkExist_
004079e0       StrItem_
Module: C:\WATCOM/lib386/nt\flib7.lib(exutil.c)
00407a60       FindKWord_
00407af0*      ClrBuff_
0041bdfc       _SpecId
Module: C:\WATCOM/lib386/nt\flib7.lib(ioerr.c)
00407b40       IOErr_
Module: C:\WATCOM/lib386/nt\flib7.lib(rtsysutl.c)
00407bd0       GetSysIOInfo_
00407bf0       GetSysFileInfo_
00407c20       IsDevice_
00407df0       OpenAction_
00407e30*      DfltRecType_
00407e50+      _FileAttrs_
00407f10       CloseFile_
00407f80       Scrtched_
00407fa0       CloseDeleteFile_
00407ff0       Errf_
00408010       FPutBuff_
00408080       FGetBuff_
004080d0       SeekFile_
004080f0       NoEOF_
00408100       SysClearEOF_
00408110       SameFile_
00408120*      Rewindf_
00408140       SysCreateFile_
00408180       CheckLogicalRecord_
004081a0       SkipLogicalRecord_
004081c0*      BackSpacef_
004081f0*      EndFilef_
00408230       GetIOErrMsg_
00408270       ReportNExist_
00408290       ReportEOF_
004082a0*      WaitForEnter_
Module: C:\WATCOM/lib386/nt\flib7.lib(rdwr.c)
004082b0       DoOpen_
004082e0+      _AllocBuffer_
00408320       IOPrologue_
00408560       UpdateRecNum_
Module: C:\WATCOM/lib386/nt\flib7.lib(exread.c)
00408620       DoRead_
Module: C:\WATCOM/lib386/nt\clib3r.lib(chipw32.asm)
00408648       __fpatan_wrap
Module: C:\WATCOM/lib386/nt\clib3r.lib(chipr32.asm)
00418f57       __fprem_chk
00419210*      __fprem1_chk
Module: C:\WATCOM/lib386/nt\clib3r.lib(main2wnt.c)
00408680       __NTMain
Module: C:\WATCOM/lib386/nt\clib3r.lib(segdefns)
00401003       ___begtext
0041b000*      __nullarea
0041c8a0       __Start_XI
0041c8ee       __End_XI
0041c8ee       __Start_YI
0041c91e       __End_YI
Module: C:\WATCOM/lib386/nt\clib3r.lib(chk8087.c)
00408700*      _fpreset_
00408740       __chk8087_
00408750*      __init_8087_
Module: C:\WATCOM/lib386/nt\flib7.lib(english.c)
004087a0       __UseEnglishCharSet_
Module: C:\WATCOM/lib386/nt\flib7.lib(errincl.c)
004088b0       __InitError_
0041be24+      _PGroupTable
0041be28+      _PErrWord
Module: C:\WATCOM/lib386/nt\flib7.lib(_matherr.c)
004088d0*      __imath2err_
00408910*      __amath1err_
00408940*      __amath2err_
00408970       __math2err_
00408a80       __math1err_
00408a90*      __zmath2err_
00408af0*      __qmath2err_
Module: C:\WATCOM/lib386/nt\clib3r.lib(chipbug.c)
00408b60       __verify_pentium_fdiv_bug_
Module: C:\WATCOM/lib386/nt\flib7.lib(rttraps.c)
00408cb0       __EnableF77RTExceptionHandling_
00408cc0       R_TrapInit_
00408d50       R_TrapFini_
00408d60*      __InitExceptionVectors_
Module: C:\WATCOM/lib386/nt\flib7.lib(errrtns.c)
0041dc68       ___ErrorFini
0041dc6c       ___ErrorInit
0041dc70       ___BldErrMsg
Module: C:\WATCOM/lib386/nt\clib3r.lib(nodefwin.c)
0041be2c*      __WindowsIsWindowedHandle
0041be30*      __WindowsRemoveWindowedHandle
0041be34*      __WindowsNewWindow
0041be38*      __WindowsCloseWindow
0041be3c*      __WindowsSetAbout
0041be40*      __WindowsSetAppTitle
0041be44*      __WindowsSetConTitle
0041be48*      __WindowsDestroyOnClose
0041be4c*      __WindowsYieldControl
0041be50*      __WindowsShutDown
0041be54*      __WindowsStdin
0041be58       __WindowsStdout
0041be5c*      __WindowsKbhit
0041be60*      __WindowsGetch
0041be64*      __WindowsGetche
0041be68*      __WindowsPutch
00408d80*      _dwShutDown_
00408d80*      _dwYield_
00408d80*      _dwSetConTitle_
00408d80*      _dwSetAppTitle_
00408d80*      _dwSetAboutDlg_
00408d80       _dwDeleteOnClose_
0041be6c*      __WindowsExitRtn
0041dc74*      __init_default_win
Module: C:\WATCOM/lib386/nt\clib3r.lib(atexit.c)
00408d83       atexit_
Module: C:\WATCOM/lib386/nt\clib3r.lib(regdata.c)
00408de0       __RegisterThreadDataSize_
Module: C:\WATCOM/lib386/nt\clib3r.lib(hdlman.c)
0041be70+      ___NHandles
0041be74+      ___OSHandles
0041be78+      ___FakeHandles
00408e10+      __growPOSIXHandles_
00408eb0       __allocPOSIXHandle_
00408f70       __freePOSIXHandle_
00408f90       __getOSHandle_
00408fa0       __setOSHandle_
00408ff0+      __NTGetFakeHandle_
00409060       __initPOSIXHandles_
00409140*      __set_handles_
00409150*      _grow_handles_
Module: C:\WATCOM/lib386/nt\clib3r.lib(environ.c)
0041dcfc       ___env_mask
0041dd00       _environ
0041dd04       __wenviron
Module: C:\WATCOM/lib386/nt\clib3r.lib(getmodfn.c)
00409190       __lib_GetModuleFileNameW_
Module: C:\WATCOM/lib386/nt\clib3r.lib(strdup.c)
00409230       __clib_strdup_
Module: C:\WATCOM/lib386/nt\clib3r.lib(istable.c)
00409270       __IsTable
Module: C:\WATCOM/lib386/nt\clib3r.lib(ustrdup.c)
00409371       __clib_wcsdup_
Module: C:\WATCOM/lib386/nt\clib3r.lib(nfree.c)
004093a0       _nfree_
004093a0       free_
0041dd08       ___MiniHeapFreeRover
Module: C:\WATCOM/lib386/nt\clib3r.lib(excptwnt.c)
00409b10+      ___ReportException@4
00409f60       __DefaultExceptionHandler_
00409fa0+      ___ExceptionFilter
0040a1b0       __NewExceptionFilter_
0040a1e0       __DoneExceptionFilter_
0041be84       ___oscode_check_func
0041be88       ___raise_func
0041dd0c*      _sw
0041dd10       ___ExceptionHandled
0041dd11+      ___ReportInvoked
Module: C:\WATCOM/lib386/nt\clib3r.lib(stklmwnt.c)
0040a220       __init_stack_limits_
Module: C:\WATCOM/lib386/nt\clib3r.lib(initrtns.c)
0040a2a0       __InitRtns
0040a2f0       __FiniRtns
Module: C:\WATCOM/lib386/nt\clib3r.lib(setjmp)
0040a344       _setjmp_
0040a37d       longjmp_
Module: C:\WATCOM/lib386/nt\clib3r.lib(exit.c)
0040a405+      __null_int23_exit_
0040a406       exit_
0040a456*      _exit_
0041bea0+      ___int23_exit
0041bea4+      ___FPE_handler_exit
Module: C:\WATCOM/lib386/nt\flib7.lib(posdat.c)
0041c088       _FStdIn
0041c08c       _FStdOut
0041c090       _FStdErr
Module: C:\WATCOM/lib386/nt\flib7.lib(posflush.c)
0040a470       FlushBuffer_
Module: C:\WATCOM/lib386/nt\flib7.lib(errutil.c)
0040a520       BldErrCode_
0040a580*      MsgFormat_
0040a5b0*      MsgBuffer_
0041c094+      _PGrpCodes
Module: C:\WATCOM/lib386/nt\clib3r.lib(enterdb.c)
0040a5e0       __EnterWVIDEO_
0041c098       ___WD_Present
Module: C:\WATCOM/lib386/nt\clib3r.lib(iob.c)
0041c09c       ___iob
0041c2a4       __fmode
0041dd14       ___OpenStreams
0041dd18       ___ClosedStreams
Module: C:\WATCOM/lib386/nt\clib3r.lib(setmd.c)
0040a610       setmode_
Module: C:\WATCOM/lib386/nt\clib3r.lib(write.c)
0040a950       write_
Module: C:\WATCOM/lib386/nt\clib3r.lib(errno.c)
0040abb0       __get_errno_ptr_
0040abc0*      __get_doserrno_ptr_
Module: C:\WATCOM/lib386/nt\flib7.lib(posopen.c)
0040abd0       InitStd_
0040ac90       SetIOBufferSize_
0040acb0+      _AllocFile_
0040ada0       Openf_
0040ae90       Closef_
Module: C:\WATCOM/lib386/nt\flib7.lib(rmemmgr.c)
0040af10       RMemAlloc_
0040af20       RMemFree_
Module: C:\WATCOM/lib386/nt\flib7.lib(ioinit.c)
0040af40       IOSysInit_
Module: C:\WATCOM/lib386/nt\flib7.lib(wrutils.c)
0040af70       F_SendData_
0040afd0*      SendLine_
0040afe0       SendEOR_
0040b070*      SendInt_
0040b0a0       SendStr_
0040b0c0+      SendWSLStr_
0040b0e0       SendChar_
0040b100       Drop_
0040b2c0       IOItemResult_
Module: C:\WATCOM/lib386/nt\flib7.lib(rfmtutil.c)
0040b370       R_ChkType_
0040b3a0       R_NewRec_
0040b3e0       R_ChkIType_
0040b410       R_ChkFType_
0040b440       R_ChkRecLen_
0040b460+      GetLen_
0040b4a0       R_FOStr_
0040b4b0*      FOString_
0040b520       R_FIStr_
0040b5e0       R_FOLog_
0040b630       R_FILog_
0040b710       R_FIFloat_
0040b900       GetReal_
0040ba10       R_FOF_
0040ba90       R_FOE_
0040bbd0+      FmtH2B_
0040bcc0       R_FIHex_
0040be40       R_FOHex_
0040be50*      FOHex_
0040bf50       R_FIInt_
0040c060       R_FOInt_
0040c2c0       R_FOG_
0040c540+      ChkBuffLen_
Module: C:\WATCOM/lib386/nt\flib7.lib(arrayio.c)
0040c600       ArrayIOType_
Module: C:\WATCOM/lib386/nt\flib7.lib(unfmtout.c)
0040c760       UnFmtOut_
Module: C:\WATCOM/lib386/nt\flib7.lib(freeout.c)
0040cbb0       FreeOut_
0041c2b0+      _OutRtn
Module: C:\WATCOM/lib386/nt\flib7.lib(fdutil.c)
0040cc90       LocFile_
0040cca0       LocUnit_
0040ccd0       ExtractInfo_
Module: C:\WATCOM/lib386/nt\flib7.lib(rstdio.c)
0040ce00       _InitStandardInput_
0040ce30       _InitStandardOutput_
Module: C:\WATCOM/lib386/nt\clib3r.lib(memset.c)
0040ce60       memset_
Module: C:\WATCOM/lib386/nt\flib7.lib(deffname.c)
0041c2e4       _DefFName
Module: C:\WATCOM/lib386/nt\flib7.lib(stracc.c)
0040ce80       TrimStr_
0040cec0       GetStr_
Module: C:\WATCOM/lib386/nt\clib3r.lib(memicmp.c)
0040cef0       memicmp_
Module: C:\WATCOM/lib386/nt\flib7.lib(blderr.c)
0040cfb0       Substitute_
0040d170       ErrCodOrg_
Module: C:\WATCOM/lib386/nt\clib3r.lib(accsswnt.c)
0040d180       access_
Module: C:\WATCOM/lib386/nt\clib3r.lib(fullpath.c)
0040d1c0+      _sys_fullpath_
0040d240       _fullpath_
Module: C:\WATCOM/lib386/nt\clib3r.lib(fstatwnt.c)
0040d2b0       fstat_
Module: C:\WATCOM/lib386/nt\flib7.lib(poserr.c)
0040d610       Errorf_
0040d630*      EOFile_
0040d650       ErrorMsg_
0040d690       FSetTrunc_
0040d6a0       FSetSysErr_
0040d6c0       FSetErr_
0040d6e0       FSetEof_
0040d700       IOOk_
Module: C:\WATCOM/lib386/nt\clib3r.lib(statwnt.c)
0040d825       stat_
Module: C:\WATCOM/lib386/nt\flib7.lib(posdel.c)
0040da60       Scratchf_
Module: C:\WATCOM/lib386/nt\flib7.lib(posput.c)
0040da80       FPutRec_
0040dac0       ChopFile_
0040db10*      PutRec_
0040dc30       writebytes_
0040dcb0       SysWrite_
Module: C:\WATCOM/lib386/nt\flib7.lib(posget.c)
0040ddf0       readbytes_
0040dec0       SysRead_
0040e330       FGetRec_
0040e360*      GetRec_
0040e380       GetStdChar_
0040e3d0       FCheckLogical_
0040e450       FSkipLogical_
0040e520*      FGetVarRecLen_
Module: C:\WATCOM/lib386/nt\flib7.lib(posseek.c)
0040e610       FSeekRec_
0040e650       CurrFileOffset_
0040e650       FGetFilePos_
0040e670       SysSeek_
0040e860*      FSeekAbs_
Module: C:\WATCOM/lib386/nt\clib3r.lib(stricmp.c)
0040e870       stricmp_
Module: C:\WATCOM/lib386/nt\flib7.lib(posrew.c)
0040e8b0       FRewind_
Module: C:\WATCOM/lib386/nt\flib7.lib(posback.c)
0040e920       FBackspace_
Module: C:\WATCOM/lib386/nt\flib7.lib(postrunc.c)
0040ea00       FTruncate_
Module: C:\WATCOM/lib386/nt\flib7.lib(sdfile.c)
0041c2f0*      _FFCtrlSeq
0041c2f2*      _SkipCtrlSeq
0041c2f4       _NormalCtrlSeq
0041c2f6       _SDTermIn
0041c2fa       _SDTermOut
0041c2fe*      _SDPrtName
Module: C:\WATCOM/lib386/nt\flib7.lib(unfmtin.c)
0040ea20       UnFmtIn_
0040eac0+      NextUnFmtRec_
Module: C:\WATCOM/lib386/nt\flib7.lib(freein.c)
0040eea0+      GetNum_
0040f0a0       FreeIn_
0040f0b0*      DoFreeIn_
0040f0e0+      BumpComma_
0040f110+      Blanks_
0040f130+      CheckEor_
Module: C:\WATCOM/lib386/nt\clib3r.lib(chipa32.asm)
0040f740       __fpatan_chk
Module: C:\WATCOM/lib386/nt\clib3r.lib(mthrdini.c)
0040f950       __InitThreadData_
0041c304       ___ThreadDataSize
Module: C:\WATCOM/lib386/nt\clib3r.lib(cmain386.c)
0040f980       __CMain
Module: C:\WATCOM/lib386/nt\clib3r.lib(dosseg)
00001234       __DOSseg__
Module: C:\WATCOM/lib386/nt\clib3r.lib(8087cw.c)
0041c308       __8087cw
Module: C:\WATCOM/lib386/nt\clib3r.lib(save8087.c)
0041c30c       ___Save8087
0041c310       ___Rest8087
Module: C:\WATCOM/lib386/nt\clib3r.lib(init8087)
0040f9c4       __x87id
Module: C:\WATCOM/lib386/nt\flib7.lib(csetinfo.c)
0041dd1c       _CharSetInfo
Module: C:\WATCOM/lib386/nt\flib7.lib(errmsg.c)
0040fd30       _GroupTable
0040fde0       _ErrWord
Module: C:\WATCOM/lib386/nt\clib3r.lib(signlwnt.c)
0041c314+      __SignalTable
00410410+      __SetSignalFunc_
00410460+      __GetSignalFunc_
00410490+      __GetSignalOSCode_
004104c0+      __CheckSignalExCode_
00410600+      __sigabort_
00410610       __sigfpe_handler_
00410660       signal_
004106f0+      raise_
00410760+      __SigInit_
004107b0+      __SigFini_
004107f0+      __sig_init_
Module: C:\WATCOM/lib386/nt\flib7.lib(fptraps.c)
004108d0*      __MaskDefaultFPE_
004108f0       FPTrapInit_
00410920       FPTrapFini_
Module: C:\WATCOM/lib386/nt\clib3r.lib(trdlist.c)
00410990       __GetThreadData_
004109e0       __ReallocThreadData_
00410ad0       __AddThreadData_
00410b50       __RemoveThreadData_
00410bb0       __ResizeThreadDataList_
00410be0       __FreeThreadDataList_
00410c10*      __ActiveThreads_
Module: C:\WATCOM/lib386/nt\clib3r.lib(nmalloc.c)
00410c30       _nmalloc_
00410c30       malloc_
0041c380       ___nheapbeg
0041c384       ___MiniHeapRover
0041c388       ___LargestSizeB4MiniHeapRover
Module: C:\WATCOM/lib386/nt\clib3r.lib(seterrno.c)
00410d2a       __set_errno_
00410d38*      __set_EDOM_
00410d46       __set_ERANGE_
00410d54*      __set_EINVAL_
00410d67       __set_doserrno_
Module: C:\WATCOM/lib386/nt\clib3r.lib(nrealloc.c)
00410d80*      _nrealloc_
00410d80       realloc_
Module: C:\WATCOM/lib386/nt\clib3r.lib(iomode.c)
00410e00       __GetIOMode_
00410e20       __SetIOMode_nogrow_
0041c38c       ___NFiles
0041c390       ___init_mode
0041c3e0       ___io_mode
Module: C:\WATCOM/lib386/nt\clib3r.lib(stiomode.c)
00410e40       __grow_iomode_
00410f10+      __shrink_iomode_
00410f50       __SetIOMode_
Module: C:\WATCOM/lib386/nt\clib3r.lib(setenvp.c)
00410fc0       __setenvp_
00411080       __freeenvp_
Module: C:\WATCOM/lib386/nt\clib3r.lib(ustrlen.c)
004110cd       wcslen_
Module: C:\WATCOM/lib386/nt\clib3r.lib(memcpy.c)
004110e0       memcpy_
Module: C:\WATCOM/lib386/nt\clib3r.lib(mem.c)
00411100       __MemAllocator
004111b0       __MemFree
Module: C:\WATCOM/lib386/nt\clib3r.lib(conutwnt.c)
00411300*      __NTRealKey_
004113b0*      __NTConsoleInput_
004113c0       __NTConsoleOutput_
Module: C:\WATCOM/lib386/nt\clib3r.lib(fclex387.c)
004113d0       _ClearFPE_
Module: C:\WATCOM/lib386/nt\clib3r.lib(ljmphdl.c)
0041c3ec       ___longjmp_handler
Module: C:\WATCOM/lib386/nt\clib3r.lib(lseek.c)
004113f0       lseek_
Module: C:\WATCOM/lib386/nt\flib7.lib(errgrp.c)
00411440       _GrpCodes
Module: C:\WATCOM/lib386/nt\clib3r.lib(initfile.c)
00411500       __InitFiles_
Module: C:\WATCOM/lib386/nt\clib3r.lib(ioexit.c)
00411600*      fcloseall_
00411610       __full_io_exit_
Module: C:\WATCOM/lib386/nt\clib3r.lib(dosret.c)
00411620*      _dosretax_
00411630*      _dosret0_
00411640       __set_errno_dos_
00411670*      __set_errno_dos_reterr_
00411680       __set_errno_nt_
00411690*      __set_errno_nt_reterr_
Module: C:\WATCOM/lib386/nt\clib3r.lib(stackwnt.c)
004116b0       stackavail_
Module: C:\WATCOM/lib386/nt\clib3r.lib(stk)
004116c1*      __CHK
004116d1*      __STK
004116f0       __STKOVERFLOW_
00411700*      __GRO
00411720*      __alloca_probe
Module: C:\WATCOM/lib386/nt\clib3r.lib(iomodtty.c)
00411740       __ChkTTYIOMode_
00411780       __IOMode_
Module: C:\WATCOM/lib386/nt\clib3r.lib(close.c)
004117a0       close_
Module: C:\WATCOM/lib386/nt\clib3r.lib(openwnt.c)
004119c0*      open_
004119e0       sopen_
Module: C:\WATCOM/lib386/nt\flib7.lib(poscc.c)
00411a10*      __LineFeedWithFormFeed_
00411a20       FSetCC_
Module: C:\WATCOM/lib386/nt\flib7.lib(ifile.c)
00411a80       SendIFBuff_
00411ab0       NextIFBuff_
Module: C:\WATCOM/lib386/nt\clib3r.lib(ltoa.c)
00411ae0       ultoa_
00411b30       ltoa_
Module: C:\WATCOM/lib386/nt\flib7.lib(cctrl.c)
00411b60       CheckCCtrl_
Module: C:\WATCOM/lib386/nt\flib7.lib(rdutils.c)
00411bd0       NextRec_
Module: C:\WATCOM/lib386/nt\flib7.lib(undefcg.c)
00411d70       OutLogCG_
00411d80       OutIntCG_
00411dc0+      FmtRealCG_
00411df0+      FmtDoubleCG_
00411e20+      FmtExtendedCG_
00411e50+      UndefIntCG_
00411e50+      UndefLogCG_
00411e50+      UndefExtendedCG_
00411e50+      UndefDoubleCG_
00411e50+      UndefRealCG_
00411e60+      GetRealCG_
0041c50c       _FmtRealRtn
0041c510       _FmtDoubleRtn
0041c514       _FmtExtendedRtn
0041c518       _SendStrRtn
0041c51c       _UndefRealRtn
0041c520       _UndefDoubleRtn
0041c524       _UndefExtendedRtn
0041c528       _UndefLogRtn
0041c52c       _UndefIntRtn
0041c530       _GetRealRtn
Module: C:\WATCOM/lib386/nt\flib7.lib(rfmtlog.c)
00411e80       R_FmtLog_
Module: C:\WATCOM/lib386/nt\clib3r.lib(toupper.c)
00411eb0       toupper_
Module: C:\WATCOM/lib386/nt\flib7.lib(fmtcnvt.c)
00411ec0       FmtS2I_
00411ff0       FmtS2F_
Module: C:\WATCOM/lib386/nt\flib7.lib(fmtrtns.c)
004123c0       R_F2E_
00412530       R_F2F_
004126c0       SetMaxPrec_
Module: C:\WATCOM/lib386/nt\flib7.lib(flt86.c)
004126d0       _P1d100
004126d8       _P1d_99
Module: C:\WATCOM/lib386\math387r.lib(pow87)
00412839*      pow_
004126e0       IF@DPOW
004126e0*      IF@POW
Module: C:\WATCOM/lib386/nt\flib7.lib(hexcnv.c)
00412860       Hex_
00412880*      HSToB_
004128f0       BToHS_
Module: C:\WATCOM/lib386/nt\clib3r.lib(strupr.c)
00412940       strupr_
Module: C:\WATCOM/lib386/nt\flib7.lib(unfmtutl.c)
00412960       _SizeVars
Module: C:\WATCOM/lib386/nt\clib3r.lib(getenv.c)
00412970       getenv_
Module: C:\WATCOM/lib386/nt\clib3r.lib(__stos)
00412a00       __STOSB
00412a37*      __STOSD
Module: C:\WATCOM/lib386/nt\clib3r.lib(memmove.c)
00412ab0       memmove_
Module: C:\WATCOM/lib386/nt\clib3r.lib(itoa.c)
00412b10       utoa_
00412b60       itoa_
Module: C:\WATCOM/lib386/nt\clib3r.lib(fgtattr.c)
00412b90       __fixed_GetFileAttributesA_
Module: C:\WATCOM/lib386/nt\clib3r.lib(gtcwdwnt.c)
00412c30       getcwd_
Module: C:\WATCOM/lib386/nt\clib3r.lib(ntdirinf.c)
00412cc0       __MakeDOSDT_
00412cf0*      __FromDOSDT_
00412d20*      __GetNTDirInfo_
00412d60*      __NTFindNextFileWithAttr_
Module: C:\WATCOM/lib386/nt\clib3r.lib(d2ttime.c)
00412dc0       _d2ttime_
Module: C:\WATCOM/lib386/nt\clib3r.lib(strerror.c)
00413160       strerror_
00413180*      _strerror_
00413250*      _doserror_
0041c534+      __sys_errlist
0041c5d8+      __sys_nerr
Module: C:\WATCOM/lib386/nt\clib3r.lib(_strcmp)
00413280       strcmp_
Module: C:\WATCOM/lib386/nt\clib3r.lib(mbspbrk.c)
004133c0       _mbspbrk_
Module: C:\WATCOM/lib386/nt\clib3r.lib(mbsinc.c)
00413410       _mbsinc_
Module: C:\WATCOM/lib386/nt\clib3r.lib(tolower.c)
00413440       tolower_
Module: C:\WATCOM/lib386/nt\clib3r.lib(unlnkwnt.c)
00413450       unlink_
Module: C:\WATCOM/lib386/nt\clib3r.lib(chsizwnt.c)
004134d0       chsize_
Module: C:\WATCOM/lib386/nt\clib3r.lib(read.c)
004135c0       read_
Module: C:\WATCOM/lib386/nt\flib7.lib(chrutils.c)
00413750       JmpBlanks_
Module: C:\WATCOM/lib386/nt\clib3r.lib(chipd32.asm)
0041387b       __fdiv_fpr
00413d3d*      __fdiv_chk
00413d50*      __fdiv_m32
00413d9d*      __fdiv_m64
00413dea*      __fdiv_m32r
00413e37*      __fdiv_m64r
Module: C:\WATCOM/lib386/nt\clib3r.lib(cinit.c)
00413e90       __CommonInit_
Module: C:\WATCOM/lib386/nt\clib3r.lib(___argc.c)
0041de3c       ____Argc
0041de40       ____Argv
Module: C:\WATCOM/lib386/nt\flib7.lib(rtmain.c)
00413ea0       main_
Module: C:\WATCOM/lib386/nt\clib3r.lib(abort.c)
00413ec7*      abort_
00413ed9       __terminate_
0041c5dc       ___abort
Module: C:\WATCOM/lib386/nt\clib3r.lib(cntrl87.c)
00413ef0       _control87_
Module: C:\WATCOM/lib386/nt\clib3r.lib(mthread.c)
004140d0+      __CloseSemaphore_
00414110+      __AccessIOB_
00414120+      __ReleaseIOB_
00414130+      __AccessFileH_
00414140+      __ReleaseFileH_
00414150+      __AccessNHeap_
00414160+      __ReleaseNHeap_
00414170+      __AccessFHeap_
00414180+      __ReleaseFHeap_
00414190+      __AccessTDList_
004141a0+      __ReleaseTDList_
004141b0+      __AccessFList_
004141c0+      __AccessSemaphore_
00414220+      __ReleaseFList_
00414230+      __ReleaseSemaphore_
00414260+      __MultipleThread_
004142b0+      __AllocInitThreadData_
00414300*      __FreeInitThreadData_
00414310       __NTThreadInit_
00414380       __NTAddThread_
004143d0       __NTRemoveThread_
00414460       __InitMultipleThread_
0041c5e0+      ___AccessSema4
0041c5e4+      ___ReleaseSema4
0041c5e8+      ___CloseSema4
Module: C:\WATCOM/lib386/nt\clib3r.lib(xmsgwnt.c)
00414620+      __exit_with_msg_
00414680       __fatal_runtime_error_
Module: C:\WATCOM/lib386/nt\clib3r.lib(calloc.c)
004146a0       calloc_
Module: C:\WATCOM/lib386/nt\clib3r.lib(register.c)
004146d0       __initthread_
004146e0*      _beginthread_
004146f0       _endthread_
00414700*      __RegisterThreadData_
Module: C:\WATCOM/lib386/nt\clib3r.lib(nmemneed.c)
00414750       __nmemneed_
Module: C:\WATCOM/lib386/nt\clib3r.lib(grownear.c)
004148c0       __ExpandDGROUP_
Module: C:\WATCOM/lib386/nt\clib3r.lib(nmsize.c)
004148e0       _nmsize_
004148e0*      _msize_
Module: C:\WATCOM/lib386/nt\clib3r.lib(nexpand.c)
004148f0       _nexpand_
004148f0*      _expand_
00414930+      __HeapManager_expand_
Module: C:\WATCOM/lib386/nt\clib3r.lib(dofilstr.c)
00414b10       __ParsePosixHandleStr_
Module: C:\WATCOM/lib386/nt\clib3r.lib(clearenv.c)
00414c30       clearenv_
Module: C:\WATCOM/lib386/nt\clib3r.lib(__lseek.c)
00414cc0       __lseek_
Module: C:\WATCOM/lib386/nt\clib3r.lib(fclose.c)
00414d00+      __doclose_
00414da0       __shutdown_stream_
00414dc0*      fclose_
0041e5b0+      ___RmTmpFileFn
Module: C:\WATCOM/lib386/nt\clib3r.lib(freefp.c)
00414e10       __freefp_
00414e60       __purgefp_
Module: C:\WATCOM/lib386/nt\clib3r.lib(isattwnt.c)
00414e90       isatty_
Module: C:\WATCOM/lib386/nt\clib3r.lib(_clsewnt.c)
00414eb0       __close_
Module: C:\WATCOM/lib386/nt\clib3r.lib(ntfio.c)
00414f10*      __GetNTCreateAttr_
00414f50       __GetNTAccessAttr_
00414f80       __GetNTShareAttr_
Module: C:\WATCOM/lib386/nt\clib3r.lib(umaskval.c)
0041c5f8       ___umaskval
Module: C:\WATCOM/lib386/nt\clib3r.lib(alphabet.c)
0041b5b0       ___Alphabet
Module: C:\WATCOM/lib386/nt\flib7.lib(expchk.c)
00414fe0       ToFFormat_
Module: C:\WATCOM/lib386/nt\flib7.lib(intarith.c)
00415030       AddIOFlo_
00415040*      SubIOFlo_
00415050       MulIOFlo_
Module: C:\WATCOM/lib386\math387r.lib(strtod.c)
00415573+      __Strtold_
004156da       strtod_
Module: C:\WATCOM/lib386\math387r.lib(ldcvt.c)
004158fd       _LDScale10x_
00415ea4       __LDcvt_
Module: C:\WATCOM/lib386\math387r.lib(pow87e.c)
004162f1       __pow87_err_
Module: C:\WATCOM/lib386/nt\clib3r.lib(mbterm.c)
00416380       _mbterm_
Module: C:\WATCOM/lib386/nt\clib3r.lib(mbsnextc.c)
004163c0       _mbsnextc_
Module: C:\WATCOM/lib386/nt\clib3r.lib(mbcupper.c)
00416400       _mbctoupper_
Module: C:\WATCOM/lib386/nt\clib3r.lib(strncpy.c)
00416430       strncpy_
Module: C:\WATCOM/lib386/nt\clib3r.lib(mktime.c)
00416470       mktime_
Module: C:\WATCOM/lib386/nt\clib3r.lib(mbschr.c)
00416500       _mbschr_
Module: C:\WATCOM/lib386/nt\clib3r.lib(mbisdbcs.c)
0041e5b4       ___IsDBCS
Module: C:\WATCOM/lib386/nt\clib3r.lib(mbislead.c)
00416560*      _ismbblead_
0041e5b8       ___MBCSIsTable
Module: C:\WATCOM/lib386/nt\clib3r.lib(argcv.c)
0041e6bc       __argc
0041e6c0       __argv
0041e6c4       ___argv
0041e6c8       ___argc
Module: C:\WATCOM/lib386/nt\clib3r.lib(trdalloc.c)
00416580       __FiniThreadProcessing_
Module: C:\WATCOM/lib386/nt\clib3r.lib(nheapmin.c)
00416590       _nheapshrink_
00416590*      _nheapmin_
00416590*      _heapmin_
00416590       _heapshrink_
Module: C:\WATCOM/lib386/nt\clib3r.lib(thredwnt.c)
00416730       __CBeginThread_
004167d0       __CEndThread_
Module: C:\WATCOM/lib386/nt\clib3r.lib(amblksiz.c)
0041c6a4       __amblksiz
Module: C:\WATCOM/lib386/nt\clib3r.lib(heapen.c)
00416810*      _heapenable_
0041c6a8       ___heap_enabled
Module: C:\WATCOM/lib386/nt\clib3r.lib(strtol.c)
00416a60*      strtoul_
00416a70       strtol_
Module: C:\WATCOM/lib386/nt\clib3r.lib(putenv.c)
00416a80       putenv_
00416d10       __putenv_
Module: C:\WATCOM/lib386/nt\clib3r.lib(flush.c)
00416e80       __flush_
Module: C:\WATCOM/lib386\math387r.lib(bufld386)
00416f7c       __ZBuf2LD
Module: C:\WATCOM/lib386\math387r.lib(inf_nan.c)
0041701f*      ___f_infinity
00417023*      ___f_posqnan
00417027       ___d_infinity
0041702f       ___d_posqnan
00417037*      ___ld_infinity
0041703f*      ___ld_posqnan
Module: C:\WATCOM/lib386/nt\clib3r.lib(hugeval.c)
00417050       __HugeValue
Module: C:\WATCOM/lib386\math387r.lib(ldclass.c)
00417058       __LDClass_
004170a8*      _FLClass_
Module: C:\WATCOM/lib386/nt\clib3r.lib(mbconv.c)
004170c0       _mbvtop_
Module: C:\WATCOM/lib386/nt\clib3r.lib(locmktim.c)
004170e0       __local_mktime_
Module: C:\WATCOM/lib386/nt\clib3r.lib(gmtime.c)
00417260       __brktime_
00417360+      _gmtime_
00417380*      gmtime_
Module: C:\WATCOM/lib386/nt\clib3r.lib(tzset.c)
0041c738       ___start_dst
0041c75c       ___end_dst
0041c884*      _tzname
0041c88c       _timezone
0041c890       _daylight
0041c894       ___dst_adjust
004173f0*      __DontCacheOSTZ_
00417400*      __CacheOSTZ_
004178e0+      __parse_tz_
00417cd0       tzset_
Module: C:\WATCOM/lib386/nt\clib3r.lib(timeutil.c)
00417e40       __isindst_
Module: C:\WATCOM/lib386/nt\clib3r.lib(mbclen.c)
00418170       _mbclen_
Module: C:\WATCOM/lib386/nt\clib3r.lib(mbccmp.c)
004181a0       _mbccmp_
Module: C:\WATCOM/lib386/nt\clib3r.lib(mbinit.c)
00418215       __mbinit_
0041c89c       ___MBCodePage
Module: C:\WATCOM/lib386/nt\clib3r.lib(initargv.c)
00418310       __Init_Argv_
00418360+      _getargv_
00418500       __Fini_Argv_
Module: C:\WATCOM/lib386/nt\clib3r.lib(mbslen.c)
00418510       _mbslen_
Module: C:\WATCOM/lib386/nt\clib3r.lib(mbstowcs.c)
00418540       mbstowcs_
Module: C:\WATCOM/lib386/nt\clib3r.lib(uputenv.c)
004185c0*      _wputenv_
004187e0       __wputenv_
Module: C:\WATCOM/lib386/nt\clib3r.lib(fsync.c)
004188e0       fsync_
Module: C:\WATCOM/lib386/nt\clib3r.lib(qwrit.c)
00418930       __qwrite_
Module: C:\WATCOM/lib386/nt\clib3r.lib(leapyear.c)
00418a10       __leapyear_
0041b5d8       ___diyr
0041b5f2       ___dilyr
Module: C:\WATCOM/lib386/nt\clib3r.lib(wcstombs.c)
00418a50       wcstombs_
Module: C:\WATCOM/lib386/nt\clib3r.lib(histsplt.c)
0041e6d0       ___historical_splitparms
Module: C:\WATCOM/lib386/nt\clib3r.lib(mbtowc.c)
00418af0       mbtowc_
Module: C:\WATCOM/lib386/nt\clib3r.lib(ustrchr.c)
00418b80       wcschr_
Module: C:\WATCOM/lib386/nt\clib3r.lib(setenvar.c)
00418ba0       __lib_SetEnvironmentVariableW_
Module: C:\WATCOM/lib386/nt\clib3r.lib(crtwenv.c)
00418c90       __create_wide_environment_
Module: C:\WATCOM/lib386/nt\clib3r.lib(utoupper.c)
00418cf8       towupper_
Module: C:\WATCOM/lib386/nt\clib3r.lib(wctomb.c)
00418d10       wctomb_


                        +----------------------+
                        |   Imported Symbols   |
                        +----------------------+

Symbol                              Module
======                              ======

_GetEnvironmentStringsA@0           KERNEL32.DLL
_GetVersion@0                       KERNEL32.DLL
_GetModuleFileNameA@12              KERNEL32.DLL
_GetCommandLineA@0                  KERNEL32.DLL
_GetCommandLineW@0                  KERNEL32.DLL
_FreeEnvironmentStringsA@4          KERNEL32.DLL
_GetModuleHandleA@4                 KERNEL32.DLL
_ExitProcess@4                      KERNEL32.DLL
_RtlUnwind@16                       KERNEL32.DLL
_MessageBoxA@16                     USER32.DLL
_SetStdHandle@8                     KERNEL32.DLL
_CreateEventA@16                    KERNEL32.DLL
_GetStdHandle@4                     KERNEL32.DLL
_CloseHandle@4                      KERNEL32.DLL
_GetModuleFileNameW@12              KERNEL32.DLL
_MultiByteToWideChar@24             KERNEL32.DLL
_LoadLibraryA@4                     KERNEL32.DLL
_GetProcAddress@8                   KERNEL32.DLL
_WriteFile@20                       KERNEL32.DLL
_SetUnhandledExceptionFilter@4      KERNEL32.DLL
_UnhandledExceptionFilter@4         KERNEL32.DLL
_VirtualQuery@12                    KERNEL32.DLL
_SetFilePointer@16                  KERNEL32.DLL
_GetLastError@0                     KERNEL32.DLL
_GetFileType@4                      KERNEL32.DLL
_GetFullPathNameA@16                KERNEL32.DLL
_GetFileInformationByHandle@8       KERNEL32.DLL
_GetFileTime@16                     KERNEL32.DLL
_GetFileSize@8                      KERNEL32.DLL
_CreateFileA@28                     KERNEL32.DLL
_GetDriveTypeA@4                    KERNEL32.DLL
_FindFirstFileA@8                   KERNEL32.DLL
_FindClose@4                        KERNEL32.DLL
_GetCurrentThreadId@0               KERNEL32.DLL
_SetConsoleCtrlHandler@8            KERNEL32.DLL
_TlsGetValue@4                      KERNEL32.DLL
_TlsSetValue@8                      KERNEL32.DLL
_GetFileAttributesA@4               KERNEL32.DLL
_GetCurrentDirectoryA@8             KERNEL32.DLL
_FileTimeToLocalFileTime@8          KERNEL32.DLL
_FileTimeToDosDateTime@12           KERNEL32.DLL
_DosDateTimeToFileTime@12           KERNEL32.DLL
_LocalFileTimeToFileTime@8          KERNEL32.DLL
_FindNextFileA@8                    KERNEL32.DLL
_FormatMessageA@28                  KERNEL32.DLL
_DeleteFileA@4                      KERNEL32.DLL
_SetEndOfFile@4                     KERNEL32.DLL
_ReadFile@20                        KERNEL32.DLL
_InitializeCriticalSection@4        KERNEL32.DLL
_DeleteCriticalSection@4            KERNEL32.DLL
_LeaveCriticalSection@4             KERNEL32.DLL
_EnterCriticalSection@4             KERNEL32.DLL
_SetLastError@4                     KERNEL32.DLL
_TlsAlloc@0                         KERNEL32.DLL
_TlsFree@4                          KERNEL32.DLL
_VirtualAlloc@16                    KERNEL32.DLL
_CharUpperA@4                       USER32.DLL
_VirtualFree@12                     KERNEL32.DLL
_CreateThread@24                    KERNEL32.DLL
_ResumeThread@4                     KERNEL32.DLL
_ExitThread@4                       KERNEL32.DLL
_SetEnvironmentVariableA@8          KERNEL32.DLL
_GetTimeZoneInformation@4           KERNEL32.DLL
_GetACP@0                           KERNEL32.DLL
_GetOEMCP@0                         KERNEL32.DLL
_GetCPInfo@8                        KERNEL32.DLL
_FlushFileBuffers@4                 KERNEL32.DLL
_SetEnvironmentVariableW@8          KERNEL32.DLL
_WideCharToMultiByte@32             KERNEL32.DLL


                        +--------------------+
                        |   Libraries Used   |
                        +--------------------+

C:\WATCOM/lib386/nt\kernel32.lib
C:\WATCOM/lib386/nt\user32.lib
C:\WATCOM/lib386/nt\flib7.lib
C:\WATCOM/lib386\math387r.lib
C:\WATCOM/lib386/nt\clib3r.lib
C:\WATCOM/lib386/nt\emu387.lib


                        +-----------------------+
                        |   Linker Statistics   |
                        +-----------------------+

Stack size:  00010000 (65536.)
Memory size:  0002d3cc (185292.)
Entry point address: 00405c90
Link time: 00:00.78
