Open Watcom Linker Version 1.9
Portions Copyright (c) 1985-2002 Sybase, Inc. All Rights Reserved.
Created on:       16/10/05 13:46:20
Executable Image: noname1.exe
creating a Windows NT character-mode executable


                        +------------+
                        |   Groups   |
                        +------------+

Group                           Address              Size
=====                           =======              ====

.idata                          0041a000             00000786
DGROUP                          0041b000             000147e0



                        +--------------+
                        |   Segments   |
                        +--------------+

Segment                Class          Group          Address         Size
=======                =====          =====          =======         ====

BEGTEXT                CODE           AUTO           00401000        00000007
_TEXT                  CODE           AUTO           00401010        00017ced
CODE32                 CODE           AUTO           00418d00        00000575
TRANSFER CODE          CODE           AUTO           00419278        0000019e
.idata                 .idata         .idata         0041a000        00000786
_NULL                  BEGDATA        DGROUP         0041b000        00000004
_AFTERNULL             BEGDATA        DGROUP         0041b004        00000000
CONST                  DATA           DGROUP         0041b010        000005a4
_DATA                  DATA           DGROUP         0041b5c0        00001280
CONST2                 DATA           DGROUP         0041c840        00000000
XIB                    DATA           DGROUP         0041c840        00000000
XI                     DATA           DGROUP         0041c840        0000004e
XIE                    DATA           DGROUP         0041c88e        00000000
YIB                    DATA           DGROUP         0041c88e        00000000
YI                     DATA           DGROUP         0041c88e        00000030
YIE                    DATA           DGROUP         0041c8be        00000000
DATA32                 DATA           DGROUP         0041c8c0        00000310
TIB                    DATA           DGROUP         0041cbd0        00000000
TI                     DATA           DGROUP         0041cbd0        00000000
TIE                    DATA           DGROUP         0041cbd0        00000000
DATA                   DATA           DGROUP         0041cbd0        00000000
GEOPACK                GEOPACK        DGROUP         0041d000        00000088
MODEL                  MODEL          DGROUP         0041d090        00000254
@BLANK                 @BLANK         DGROUP         0041d2f0        0000024c
FIDB0                  FIDB0          DGROUP         0041d540        0000000c
GENER                  GENER          DGROUP         0041d550        00000010
CONST32                CONST          DGROUP         0041d560        00000000
_BSS                   BSS            DGROUP         0041d560        00001174
GDATA@0                BSS            DGROUP         0041e6e0        000010f9
BSS32                  BSS            DGROUP         0041f7dc        00000000
STACK                  STACK          DGROUP         0041f7e0        00010000


                        +----------------+
                        |   Memory Map   |
                        +----------------+

* = unreferenced symbol
+ = symbol only referenced locally

Address        Symbol
=======        ======

Module: all.obj(C:\Users\DmitriyViktorovich\Desktop\igrf\all.for)
00401010*      IGRF_SUB
004010e5+      FINDB0
0040157f+      $SHELLG.
00402504+      SHELLG
00402541*      SHELLC
00402577+      STOER
004027fd+      $FELDG.
00402e9b+      FELDG
00402eda*      FELDC
00402f10+      FELDI
00402f3e+      FELDCOF
00403316+      GETSHC
0040351a+      INTERSHC
0040370a+      EXTRASHC
004038d1+      INITIZE
00403931+      RECALC
004043d0+      GEOMAG
00404532+      SUN
00404764+      SPHCAR
004048ab       FMAIN
0041d000+      GEOPACK
0041d090+      MODEL
0041d2f0+      @BLANK
0041d540+      FIDB0
0041d550+      GENER
Module: C:\WATCOM/lib386\math387r.lib(log87)
00404ccc*      log_
00404ce4*      log2_
00404cd8*      log10_
00404c78       IF@LOG
00404c78*      IF@DLOG
00404cb8*      IF@LOG2
00404cb8*      IF@DLOG2
00404cc2*      IF@LOG10
00404cc2*      IF@DLOG10
Module: C:\WATCOM/lib386\math387r.lib(asin87)
00404d0b*      asin_
00404cf0*      IF@DASIN
00404cf0       IF@ASIN
Module: C:\WATCOM/lib386\math387r.lib(sqrt87)
00404d18*      sqrt_
00404d48       IF@SQRT
00404d48       IF@DSQRT
00404d4a       __@DSQRT
Module: C:\WATCOM/lib386\math387r.lib(trig87)
00404dc9*      sin_
00404dbd*      cos_
00404dea*      tan_
00404d7c       IF@COS
00404d7c*      IF@DCOS
00404d86       IF@SIN
00404d86*      IF@DSIN
00404dd5*      IF@TAN
00404dd5*      IF@DTAN
Module: C:\WATCOM/lib386\math387r.lib(exp87)
00404e5f*      exp_
00404df8*      __@DEXP1
00404e00       IF@EXP
00404e00*      IF@DEXP
00404e02       __@DEXP
Module: C:\WATCOM/lib386\math387r.lib(fchop87)
00404e6c       __CHP
Module: C:\WATCOM/lib386/nt\flib7.lib(stop.c)
00404eb0       RT@Stop
0041b7f8+      LG@STOP_HOOK
Module: C:\WATCOM/lib386/nt\flib7.lib(setintl.c)
00404f20       RT@SetIntl
Module: C:\WATCOM/lib386/nt\flib7.lib(setfmt.c)
00404f40       RT@SetFmt
Module: C:\WATCOM/lib386/nt\flib7.lib(cowrite)
00404f60       RT@IOWrite
00404f6f*      RT@OutLOG1
00404f81*      RT@OutLOG4
00404f8f*      RT@OutINT1
00404fa1*      RT@OutINT2
00404fb1       RT@OutINT4
00404fc0       RT@OutREAL
00404fd0*      RT@OutDBLE
00404fe0*      RT@OutXTND
00404ff0*      RT@OutCPLX
00405006*      RT@OutDBCX
0040501c*      RT@OutXTCX
00405032       RT@OutCHAR
00405037*      RT@OutSTR
0040503c*      RT@PrtArr
00405041*      RT@PrtChArr
Module: C:\WATCOM/lib386/nt\flib7.lib(cortns)
0041b7fc*      _FRT_SaveESP
00405051*      SwitchToGen
0040506f       SwitchToRT
0040508d       RdWrCommon
00405131       IOType_
0040514f       IOChar
0040516a       IOStr
0040517f       IOArr
0040519a       IOChArr
004051bc       RT@EndIO
Module: C:\WATCOM/lib386/nt\flib7.lib(setunit.c)
004051d0       RT@SetUnit
Module: C:\WATCOM/lib386/nt\flib7.lib(setfile.c)
00405210       RT@SetFile
Module: C:\WATCOM/lib386/nt\flib7.lib(setstat.c)
00405230       RT@SetStat
Module: C:\WATCOM/lib386/nt\flib7.lib(setios.c)
00405250       RT@SetIOS
Module: C:\WATCOM/lib386/nt\flib7.lib(seterr.c)
00405270       RT@SetErr
Module: C:\WATCOM/lib386/nt\flib7.lib(exopen.c)
004059b0       RT@IOOpen
0041b81c+      _AccModTab
0041b82c+      _FormTab
0041b838+      _OpStatTab
0041b84c+      _BlnkTab
0041b858+      _RecFmTab
0041b868+      _CCtrlTab
0041b874+      _ActionTab
0041b884+      _ShareTab
Module: C:\WATCOM/lib386/nt\flib7.lib(coread)
004059c6       RT@IORead
004059d5*      RT@InpLOG1
004059e4*      RT@InpLOG4
004059f3*      RT@InpINT1
00405a02*      RT@InpINT2
00405a11       RT@InpINT4
00405a20       RT@InpREAL
00405a2f*      RT@InpDBLE
00405a3e*      RT@InpXTND
00405a4d*      RT@InpCPLX
00405a5c*      RT@InpDBCX
00405a6b*      RT@InpXTCX
00405a7a*      RT@InpCHAR
00405a7f*      RT@InpSTR
00405a84*      RT@InpArr
00405a89*      RT@InpChArr
Module: C:\WATCOM/lib386/nt\flib7.lib(exclose.c)
00405b80       RT@IOClose
Module: C:\WATCOM/lib386\math387r.lib(atan87)
00405bc2*      atan_
00405bce*      atan2_
00405b98       IF@ATAN
00405b98*      IF@DATAN
00405bad       IF@ATAN2
00405bad       IF@DATAN2
Module: C:\WATCOM/lib386\math387r.lib(fmod87)
00405bfb*      fmod_
00405be0       IF@DFMOD
00405be0*      IF@FMOD
Module: C:\WATCOM/lib386/nt\flib7.lib(setform.c)
00405c10       RT@SetForm
Module: C:\WATCOM/lib386/nt\flib7.lib(setend.c)
00405c30       RT@SetEnd
Module: C:\WATCOM/lib386/nt\clib3r.lib(cstrtwnt)
00405c40       _cstart_
00405c40*      mainCRTStartup
Module: C:\WATCOM/lib386/nt\clib3r.lib(_8087)
0041b8ac       __8087
0041b8ad       __real87
Module: C:\WATCOM/lib386/nt\emu387.lib(386)
00405c9c       __init_387_emulator
00405c9d*      __fini_387_emulator
Module: C:\WATCOM/lib386/nt\flib7.lib(initeng.c)
0041d5e0       __init_english
Module: C:\WATCOM/lib386/nt\flib7.lib(initerr.c)
0041d5e4       __init_error
Module: C:\WATCOM/lib386\math387r.lib(log87e.c)
00405ca0       __log87_err_
Module: C:\WATCOM/lib386\math387r.lib(math87e.c)
00405cd5       __math87_err_
Module: C:\WATCOM/lib386/nt\clib3r.lib(chipvar)
0041b8b0       ___chipbug
0041b8b0       __chipbug
Module: C:\WATCOM/lib386/nt\clib3r.lib(chipt32.asm)
00405d40       __fptan_chk
Module: C:\WATCOM/lib386/nt\flib7.lib(rtinit.c)
0041b8b4       ___FAppType
0041b8b8       __ExceptionInit
0041b8bc       __ExceptionFini
00405e10*      __InitFThreadData_
00405e50+      RTSysFini_
00405e60       RTSysInit_
0041b8c4       __AccessFIO
0041b8c8       __ReleaseFIO
0041b8cc       __PartialReleaseFIO
0041d5e8       ___FThreadDataOffset
0041c85e*      ___fthread_data_size
Module: C:\WATCOM/lib386/nt\clib3r.lib(mainwnt.c)
0041b8d0       ___TlsIndex
0041b8d4       ___FirstThreadData
0041b8d8       ___GetThreadPtr
0041b8dc       __AccessFileH
0041b8e0       __ReleaseFileH
0041b8e4       __AccessIOB
0041b8e8       __ReleaseIOB
0041b8ec       __AccessNHeap
0041b8f0       __AccessFHeap
0041b8f4       __ReleaseNHeap
00405ed0*      __threadid_
00405ef0+      __sig_null_rtn_
00405f00+      __NTInit_
004060e0+      __NTFini_
00406140       __NTMainInit_
004061a0       __exit_
0041b8f8       __ReleaseFHeap
0041b8fc       __AccessTDList
0041b900       __ReleaseTDList
0041b904       __AccessFList
0041b908       __ReleaseFList
0041b90c       __ThreadExitRtn
0041b910       ___sig_init_rtn
0041b914       ___sig_fini_rtn
0041b918       ___process_fini
0041d5f4       ___Is_DLL
Module: C:\WATCOM/lib386/nt\flib7.lib(spawn.c)
004061f0       Spawn_
00406250       Suicide_
Module: C:\WATCOM/lib386/nt\flib7.lib(rterr.c)
0041b91c+      _TraceRoutine
004062b0       FlushStdUnit_
00406300+      WriteErr_
004063d0       ErrHandler_
00406410       RTErr_
0041b928+      LG@ERR_HOOK
Module: C:\WATCOM/lib386/nt\flib7.lib(stdio.c)
00406450       StdBuffer_
00406470       StdWrite_
00406550       StdFlush_
00406580       StdWriteNL_
Module: C:\WATCOM/lib386/nt\flib7.lib(runmain.c)
004065b0*      __InitUnit6CC_
004065c0       __DevicesCC_
004065d0*      __InitAllowCommaSeparator_
004065e0       __AllowCommaSep_
004065f0+      _InitIO_
00406660+      CloseAllFiles_
004066a0*      _FiniEx_
004066a0       RunExit_
004066e0       RunEntry_
Module: C:\WATCOM/lib386/nt\flib7.lib(setiocb.c)
00406710       RT@SetIOCB
Module: C:\WATCOM/lib386/nt\flib7.lib(rdata.c)
0041dc20       _IORslt
0041dc30       _FmtBuff
0041dc34*      _Fmt_revert
0041dc38*      _Fmt_start
0041dc3c*      _Fmt_paren_level
0041dc40*      _Fmt_charptr
0041dc44*      _FmtEmStruct
0041dc48       _IOTypeRtn
0041dc4c*      _Fmt_end
0041dc50*      _Fmt_rep_spec
0041dc54       _FmtRoutine
0041dc58       _IOCB
0041dc5c       _Files
0041dc60*      _Fmt_delimited
Module: C:\WATCOM/lib386/nt\flib7.lib(rfmtexec.c)
004070d0       R_FExec_
Module: C:\WATCOM/lib386/nt\flib7.lib(exwrite.c)
00407170       DoWrite_
Module: C:\WATCOM/lib386/nt\flib7.lib(iomain.c)
004071a0       __ReleaseIOSys_
004071c0       IOMain_
Module: C:\WATCOM/lib386/nt\clib3r.lib(crwdata)
0041bd7c       __osmajor
0041bd7d       __osminor
0041bd7e       __osbuild
0041bd80       __osver
0041bd84       __winmajor
0041bd88       __winminor
0041bd8c       __winver
0041bd48       __LpDllName
0041bd4c       __LpwCmdLine
0041bd50       __LpwPgmName
0041bd54       __LpwDllName
0041bd40       __LpCmdLine
0041bd44       __LpPgmName
0041bd38*      __dynend
0041bd3c       __curbrk
0041bd58*      __STACKLOW
0041bd5c       __STACKTOP
0041bd60       __ASTACKSIZ
0041bd64       __ASTACKPTR
0041bd68*      __cbyte
0041bd6c*      __cbyte2
0041bd70*      __child
0041bd76       __Envptr
0041bd7a*      __Envseg
0041bd74       __no87
0041bd90       ___FPE_handler
Module: C:\WATCOM/lib386/nt\flib7.lib(thrdutil.c)
004073d0*      __InitMultiThreadIO_
0041bd98       ___SwitchStkLow
Module: C:\WATCOM/lib386/nt\flib7.lib(rtutls.c)
00407400       FindFtnFile_
004074f0       RChkAlloc_
00407520       F_Connect_
004075a0       ConnectFile_
004075b0       GetFileInfo_
004076a0       DiscoFile_
00407710*      ChkFileName_
00407740+      ChkLogFile_
00407780       ChkIOOperation_
004077c0       GetIOErr_
004077d0       ChkIOErr_
004077f0       ChkUnitId_
00407830*      ChkConnected_
00407850       SetEOF_
00407880       ClearEOF_
004078c0       SysEOF_
004078f0       IsFixed_
00407900       IsCarriage_
00407910*      ChkRecordStructure_
00407940*      ChkSequential_
00407960*      ChkExist_
00407990       StrItem_
Module: C:\WATCOM/lib386/nt\flib7.lib(exutil.c)
00407a10       FindKWord_
00407aa0*      ClrBuff_
0041bd9c       _SpecId
Module: C:\WATCOM/lib386/nt\flib7.lib(ioerr.c)
00407af0       IOErr_
Module: C:\WATCOM/lib386/nt\flib7.lib(rtsysutl.c)
00407b80       GetSysIOInfo_
00407ba0       GetSysFileInfo_
00407bd0       IsDevice_
00407da0       OpenAction_
00407de0*      DfltRecType_
00407e00+      _FileAttrs_
00407ec0       CloseFile_
00407f30       Scrtched_
00407f50       CloseDeleteFile_
00407fa0       Errf_
00407fc0       FPutBuff_
00408030       FGetBuff_
00408080       SeekFile_
004080a0       NoEOF_
004080b0       SysClearEOF_
004080c0       SameFile_
004080d0*      Rewindf_
004080f0       SysCreateFile_
00408130       CheckLogicalRecord_
00408150       SkipLogicalRecord_
00408170*      BackSpacef_
004081a0*      EndFilef_
004081e0       GetIOErrMsg_
00408220       ReportNExist_
00408240       ReportEOF_
00408250*      WaitForEnter_
Module: C:\WATCOM/lib386/nt\flib7.lib(rdwr.c)
00408260       DoOpen_
00408290+      _AllocBuffer_
004082d0       IOPrologue_
00408510       UpdateRecNum_
Module: C:\WATCOM/lib386/nt\flib7.lib(exread.c)
004085d0       DoRead_
Module: C:\WATCOM/lib386/nt\clib3r.lib(chipw32.asm)
004085f8       __fpatan_wrap
Module: C:\WATCOM/lib386/nt\clib3r.lib(chipr32.asm)
00418f07       __fprem_chk
004191c0*      __fprem1_chk
Module: C:\WATCOM/lib386/nt\clib3r.lib(main2wnt.c)
00408630       __NTMain
Module: C:\WATCOM/lib386/nt\clib3r.lib(segdefns)
00401003       ___begtext
0041b000*      __nullarea
0041c840       __Start_XI
0041c88e       __End_XI
0041c88e       __Start_YI
0041c8be       __End_YI
Module: C:\WATCOM/lib386/nt\clib3r.lib(chk8087.c)
004086b0*      _fpreset_
004086f0       __chk8087_
00408700*      __init_8087_
Module: C:\WATCOM/lib386/nt\flib7.lib(english.c)
00408750       __UseEnglishCharSet_
Module: C:\WATCOM/lib386/nt\flib7.lib(errincl.c)
00408860       __InitError_
0041bdc4+      _PGroupTable
0041bdc8+      _PErrWord
Module: C:\WATCOM/lib386/nt\flib7.lib(_matherr.c)
00408880*      __imath2err_
004088c0*      __amath1err_
004088f0*      __amath2err_
00408920       __math2err_
00408a30       __math1err_
00408a40*      __zmath2err_
00408aa0*      __qmath2err_
Module: C:\WATCOM/lib386/nt\clib3r.lib(chipbug.c)
00408b10       __verify_pentium_fdiv_bug_
Module: C:\WATCOM/lib386/nt\flib7.lib(rttraps.c)
00408c60       __EnableF77RTExceptionHandling_
00408c70       R_TrapInit_
00408d00       R_TrapFini_
00408d10*      __InitExceptionVectors_
Module: C:\WATCOM/lib386/nt\flib7.lib(errrtns.c)
0041dc68       ___ErrorFini
0041dc6c       ___ErrorInit
0041dc70       ___BldErrMsg
Module: C:\WATCOM/lib386/nt\clib3r.lib(nodefwin.c)
0041bdcc*      __WindowsIsWindowedHandle
0041bdd0*      __WindowsRemoveWindowedHandle
0041bdd4*      __WindowsNewWindow
0041bdd8*      __WindowsCloseWindow
0041bddc*      __WindowsSetAbout
0041bde0*      __WindowsSetAppTitle
0041bde4*      __WindowsSetConTitle
0041bde8*      __WindowsDestroyOnClose
0041bdec*      __WindowsYieldControl
0041bdf0*      __WindowsShutDown
0041bdf4*      __WindowsStdin
0041bdf8       __WindowsStdout
0041bdfc*      __WindowsKbhit
0041be00*      __WindowsGetch
0041be04*      __WindowsGetche
0041be08*      __WindowsPutch
00408d30*      _dwShutDown_
00408d30*      _dwYield_
00408d30*      _dwSetConTitle_
00408d30*      _dwSetAppTitle_
00408d30*      _dwSetAboutDlg_
00408d30       _dwDeleteOnClose_
0041be0c*      __WindowsExitRtn
0041dc74*      __init_default_win
Module: C:\WATCOM/lib386/nt\clib3r.lib(atexit.c)
00408d33       atexit_
Module: C:\WATCOM/lib386/nt\clib3r.lib(regdata.c)
00408d90       __RegisterThreadDataSize_
Module: C:\WATCOM/lib386/nt\clib3r.lib(hdlman.c)
0041be10+      ___NHandles
0041be14+      ___OSHandles
0041be18+      ___FakeHandles
00408dc0+      __growPOSIXHandles_
00408e60       __allocPOSIXHandle_
00408f20       __freePOSIXHandle_
00408f40       __getOSHandle_
00408f50       __setOSHandle_
00408fa0+      __NTGetFakeHandle_
00409010       __initPOSIXHandles_
004090f0*      __set_handles_
00409100*      _grow_handles_
Module: C:\WATCOM/lib386/nt\clib3r.lib(environ.c)
0041dcfc       ___env_mask
0041dd00       _environ
0041dd04       __wenviron
Module: C:\WATCOM/lib386/nt\clib3r.lib(getmodfn.c)
00409140       __lib_GetModuleFileNameW_
Module: C:\WATCOM/lib386/nt\clib3r.lib(strdup.c)
004091e0       __clib_strdup_
Module: C:\WATCOM/lib386/nt\clib3r.lib(istable.c)
00409220       __IsTable
Module: C:\WATCOM/lib386/nt\clib3r.lib(ustrdup.c)
00409321       __clib_wcsdup_
Module: C:\WATCOM/lib386/nt\clib3r.lib(nfree.c)
00409350       _nfree_
00409350       free_
0041dd08       ___MiniHeapFreeRover
Module: C:\WATCOM/lib386/nt\clib3r.lib(excptwnt.c)
00409ac0+      ___ReportException@4
00409f10       __DefaultExceptionHandler_
00409f50+      ___ExceptionFilter
0040a160       __NewExceptionFilter_
0040a190       __DoneExceptionFilter_
0041be24       ___oscode_check_func
0041be28       ___raise_func
0041dd0c*      _sw
0041dd10       ___ExceptionHandled
0041dd11+      ___ReportInvoked
Module: C:\WATCOM/lib386/nt\clib3r.lib(stklmwnt.c)
0040a1d0       __init_stack_limits_
Module: C:\WATCOM/lib386/nt\clib3r.lib(initrtns.c)
0040a250       __InitRtns
0040a2a0       __FiniRtns
Module: C:\WATCOM/lib386/nt\clib3r.lib(setjmp)
0040a2f4       _setjmp_
0040a32d       longjmp_
Module: C:\WATCOM/lib386/nt\clib3r.lib(exit.c)
0040a3b5+      __null_int23_exit_
0040a3b6       exit_
0040a406*      _exit_
0041be40+      ___int23_exit
0041be44+      ___FPE_handler_exit
Module: C:\WATCOM/lib386/nt\flib7.lib(posdat.c)
0041c028       _FStdIn
0041c02c       _FStdOut
0041c030       _FStdErr
Module: C:\WATCOM/lib386/nt\flib7.lib(posflush.c)
0040a420       FlushBuffer_
Module: C:\WATCOM/lib386/nt\flib7.lib(errutil.c)
0040a4d0       BldErrCode_
0040a530*      MsgFormat_
0040a560*      MsgBuffer_
0041c034+      _PGrpCodes
Module: C:\WATCOM/lib386/nt\clib3r.lib(enterdb.c)
0040a590       __EnterWVIDEO_
0041c038       ___WD_Present
Module: C:\WATCOM/lib386/nt\clib3r.lib(iob.c)
0041c03c       ___iob
0041c244       __fmode
0041dd14       ___OpenStreams
0041dd18       ___ClosedStreams
Module: C:\WATCOM/lib386/nt\clib3r.lib(setmd.c)
0040a5c0       setmode_
Module: C:\WATCOM/lib386/nt\clib3r.lib(write.c)
0040a900       write_
Module: C:\WATCOM/lib386/nt\clib3r.lib(errno.c)
0040ab60       __get_errno_ptr_
0040ab70*      __get_doserrno_ptr_
Module: C:\WATCOM/lib386/nt\flib7.lib(posopen.c)
0040ab80       InitStd_
0040ac40       SetIOBufferSize_
0040ac60+      _AllocFile_
0040ad50       Openf_
0040ae40       Closef_
Module: C:\WATCOM/lib386/nt\flib7.lib(rmemmgr.c)
0040aec0       RMemAlloc_
0040aed0       RMemFree_
Module: C:\WATCOM/lib386/nt\flib7.lib(ioinit.c)
0040aef0       IOSysInit_
Module: C:\WATCOM/lib386/nt\flib7.lib(wrutils.c)
0040af20       F_SendData_
0040af80*      SendLine_
0040af90       SendEOR_
0040b020*      SendInt_
0040b050       SendStr_
0040b070+      SendWSLStr_
0040b090       SendChar_
0040b0b0       Drop_
0040b270       IOItemResult_
Module: C:\WATCOM/lib386/nt\flib7.lib(rfmtutil.c)
0040b320       R_ChkType_
0040b350       R_NewRec_
0040b390       R_ChkIType_
0040b3c0       R_ChkFType_
0040b3f0       R_ChkRecLen_
0040b410+      GetLen_
0040b450       R_FOStr_
0040b460*      FOString_
0040b4d0       R_FIStr_
0040b590       R_FOLog_
0040b5e0       R_FILog_
0040b6c0       R_FIFloat_
0040b8b0       GetReal_
0040b9c0       R_FOF_
0040ba40       R_FOE_
0040bb80+      FmtH2B_
0040bc70       R_FIHex_
0040bdf0       R_FOHex_
0040be00*      FOHex_
0040bf00       R_FIInt_
0040c010       R_FOInt_
0040c270       R_FOG_
0040c4f0+      ChkBuffLen_
Module: C:\WATCOM/lib386/nt\flib7.lib(arrayio.c)
0040c5b0       ArrayIOType_
Module: C:\WATCOM/lib386/nt\flib7.lib(unfmtout.c)
0040c710       UnFmtOut_
Module: C:\WATCOM/lib386/nt\flib7.lib(freeout.c)
0040cb60       FreeOut_
0041c250+      _OutRtn
Module: C:\WATCOM/lib386/nt\flib7.lib(fdutil.c)
0040cc40       LocFile_
0040cc50       LocUnit_
0040cc80       ExtractInfo_
Module: C:\WATCOM/lib386/nt\flib7.lib(rstdio.c)
0040cdb0       _InitStandardInput_
0040cde0       _InitStandardOutput_
Module: C:\WATCOM/lib386/nt\clib3r.lib(memset.c)
0040ce10       memset_
Module: C:\WATCOM/lib386/nt\flib7.lib(deffname.c)
0041c284       _DefFName
Module: C:\WATCOM/lib386/nt\flib7.lib(stracc.c)
0040ce30       TrimStr_
0040ce70       GetStr_
Module: C:\WATCOM/lib386/nt\clib3r.lib(memicmp.c)
0040cea0       memicmp_
Module: C:\WATCOM/lib386/nt\flib7.lib(blderr.c)
0040cf60       Substitute_
0040d120       ErrCodOrg_
Module: C:\WATCOM/lib386/nt\clib3r.lib(accsswnt.c)
0040d130       access_
Module: C:\WATCOM/lib386/nt\clib3r.lib(fullpath.c)
0040d170+      _sys_fullpath_
0040d1f0       _fullpath_
Module: C:\WATCOM/lib386/nt\clib3r.lib(fstatwnt.c)
0040d260       fstat_
Module: C:\WATCOM/lib386/nt\flib7.lib(poserr.c)
0040d5c0       Errorf_
0040d5e0*      EOFile_
0040d600       ErrorMsg_
0040d640       FSetTrunc_
0040d650       FSetSysErr_
0040d670       FSetErr_
0040d690       FSetEof_
0040d6b0       IOOk_
Module: C:\WATCOM/lib386/nt\clib3r.lib(statwnt.c)
0040d7d5       stat_
Module: C:\WATCOM/lib386/nt\flib7.lib(posdel.c)
0040da10       Scratchf_
Module: C:\WATCOM/lib386/nt\flib7.lib(posput.c)
0040da30       FPutRec_
0040da70       ChopFile_
0040dac0*      PutRec_
0040dbe0       writebytes_
0040dc60       SysWrite_
Module: C:\WATCOM/lib386/nt\flib7.lib(posget.c)
0040dda0       readbytes_
0040de70       SysRead_
0040e2e0       FGetRec_
0040e310*      GetRec_
0040e330       GetStdChar_
0040e380       FCheckLogical_
0040e400       FSkipLogical_
0040e4d0*      FGetVarRecLen_
Module: C:\WATCOM/lib386/nt\flib7.lib(posseek.c)
0040e5c0       FSeekRec_
0040e600       CurrFileOffset_
0040e600       FGetFilePos_
0040e620       SysSeek_
0040e810*      FSeekAbs_
Module: C:\WATCOM/lib386/nt\clib3r.lib(stricmp.c)
0040e820       stricmp_
Module: C:\WATCOM/lib386/nt\flib7.lib(posrew.c)
0040e860       FRewind_
Module: C:\WATCOM/lib386/nt\flib7.lib(posback.c)
0040e8d0       FBackspace_
Module: C:\WATCOM/lib386/nt\flib7.lib(postrunc.c)
0040e9b0       FTruncate_
Module: C:\WATCOM/lib386/nt\flib7.lib(sdfile.c)
0041c290*      _FFCtrlSeq
0041c292*      _SkipCtrlSeq
0041c294       _NormalCtrlSeq
0041c296       _SDTermIn
0041c29a       _SDTermOut
0041c29e*      _SDPrtName
Module: C:\WATCOM/lib386/nt\flib7.lib(unfmtin.c)
0040e9d0       UnFmtIn_
0040ea70+      NextUnFmtRec_
Module: C:\WATCOM/lib386/nt\flib7.lib(freein.c)
0040ee50+      GetNum_
0040f050       FreeIn_
0040f060*      DoFreeIn_
0040f090+      BumpComma_
0040f0c0+      Blanks_
0040f0e0+      CheckEor_
Module: C:\WATCOM/lib386/nt\clib3r.lib(chipa32.asm)
0040f6f0       __fpatan_chk
Module: C:\WATCOM/lib386/nt\clib3r.lib(mthrdini.c)
0040f900       __InitThreadData_
0041c2a4       ___ThreadDataSize
Module: C:\WATCOM/lib386/nt\clib3r.lib(cmain386.c)
0040f930       __CMain
Module: C:\WATCOM/lib386/nt\clib3r.lib(dosseg)
00001234       __DOSseg__
Module: C:\WATCOM/lib386/nt\clib3r.lib(8087cw.c)
0041c2a8       __8087cw
Module: C:\WATCOM/lib386/nt\clib3r.lib(save8087.c)
0041c2ac       ___Save8087
0041c2b0       ___Rest8087
Module: C:\WATCOM/lib386/nt\clib3r.lib(init8087)
0040f974       __x87id
Module: C:\WATCOM/lib386/nt\flib7.lib(csetinfo.c)
0041dd1c       _CharSetInfo
Module: C:\WATCOM/lib386/nt\flib7.lib(errmsg.c)
0040fce0       _GroupTable
0040fd90       _ErrWord
Module: C:\WATCOM/lib386/nt\clib3r.lib(signlwnt.c)
0041c2b4+      __SignalTable
004103c0+      __SetSignalFunc_
00410410+      __GetSignalFunc_
00410440+      __GetSignalOSCode_
00410470+      __CheckSignalExCode_
004105b0+      __sigabort_
004105c0       __sigfpe_handler_
00410610       signal_
004106a0+      raise_
00410710+      __SigInit_
00410760+      __SigFini_
004107a0+      __sig_init_
Module: C:\WATCOM/lib386/nt\flib7.lib(fptraps.c)
00410880*      __MaskDefaultFPE_
004108a0       FPTrapInit_
004108d0       FPTrapFini_
Module: C:\WATCOM/lib386/nt\clib3r.lib(trdlist.c)
00410940       __GetThreadData_
00410990       __ReallocThreadData_
00410a80       __AddThreadData_
00410b00       __RemoveThreadData_
00410b60       __ResizeThreadDataList_
00410b90       __FreeThreadDataList_
00410bc0*      __ActiveThreads_
Module: C:\WATCOM/lib386/nt\clib3r.lib(nmalloc.c)
00410be0       _nmalloc_
00410be0       malloc_
0041c320       ___nheapbeg
0041c324       ___MiniHeapRover
0041c328       ___LargestSizeB4MiniHeapRover
Module: C:\WATCOM/lib386/nt\clib3r.lib(seterrno.c)
00410cda       __set_errno_
00410ce8*      __set_EDOM_
00410cf6       __set_ERANGE_
00410d04*      __set_EINVAL_
00410d17       __set_doserrno_
Module: C:\WATCOM/lib386/nt\clib3r.lib(nrealloc.c)
00410d30*      _nrealloc_
00410d30       realloc_
Module: C:\WATCOM/lib386/nt\clib3r.lib(iomode.c)
00410db0       __GetIOMode_
00410dd0       __SetIOMode_nogrow_
0041c32c       ___NFiles
0041c330       ___init_mode
0041c380       ___io_mode
Module: C:\WATCOM/lib386/nt\clib3r.lib(stiomode.c)
00410df0       __grow_iomode_
00410ec0+      __shrink_iomode_
00410f00       __SetIOMode_
Module: C:\WATCOM/lib386/nt\clib3r.lib(setenvp.c)
00410f70       __setenvp_
00411030       __freeenvp_
Module: C:\WATCOM/lib386/nt\clib3r.lib(ustrlen.c)
0041107d       wcslen_
Module: C:\WATCOM/lib386/nt\clib3r.lib(memcpy.c)
00411090       memcpy_
Module: C:\WATCOM/lib386/nt\clib3r.lib(mem.c)
004110b0       __MemAllocator
00411160       __MemFree
Module: C:\WATCOM/lib386/nt\clib3r.lib(conutwnt.c)
004112b0*      __NTRealKey_
00411360*      __NTConsoleInput_
00411370       __NTConsoleOutput_
Module: C:\WATCOM/lib386/nt\clib3r.lib(fclex387.c)
00411380       _ClearFPE_
Module: C:\WATCOM/lib386/nt\clib3r.lib(ljmphdl.c)
0041c38c       ___longjmp_handler
Module: C:\WATCOM/lib386/nt\clib3r.lib(lseek.c)
004113a0       lseek_
Module: C:\WATCOM/lib386/nt\flib7.lib(errgrp.c)
004113f0       _GrpCodes
Module: C:\WATCOM/lib386/nt\clib3r.lib(initfile.c)
004114b0       __InitFiles_
Module: C:\WATCOM/lib386/nt\clib3r.lib(ioexit.c)
004115b0*      fcloseall_
004115c0       __full_io_exit_
Module: C:\WATCOM/lib386/nt\clib3r.lib(dosret.c)
004115d0*      _dosretax_
004115e0*      _dosret0_
004115f0       __set_errno_dos_
00411620*      __set_errno_dos_reterr_
00411630       __set_errno_nt_
00411640*      __set_errno_nt_reterr_
Module: C:\WATCOM/lib386/nt\clib3r.lib(stackwnt.c)
00411660       stackavail_
Module: C:\WATCOM/lib386/nt\clib3r.lib(stk)
00411671*      __CHK
00411681*      __STK
004116a0       __STKOVERFLOW_
004116b0*      __GRO
004116d0*      __alloca_probe
Module: C:\WATCOM/lib386/nt\clib3r.lib(iomodtty.c)
004116f0       __ChkTTYIOMode_
00411730       __IOMode_
Module: C:\WATCOM/lib386/nt\clib3r.lib(close.c)
00411750       close_
Module: C:\WATCOM/lib386/nt\clib3r.lib(openwnt.c)
00411970*      open_
00411990       sopen_
Module: C:\WATCOM/lib386/nt\flib7.lib(poscc.c)
004119c0*      __LineFeedWithFormFeed_
004119d0       FSetCC_
Module: C:\WATCOM/lib386/nt\flib7.lib(ifile.c)
00411a30       SendIFBuff_
00411a60       NextIFBuff_
Module: C:\WATCOM/lib386/nt\clib3r.lib(ltoa.c)
00411a90       ultoa_
00411ae0       ltoa_
Module: C:\WATCOM/lib386/nt\flib7.lib(cctrl.c)
00411b10       CheckCCtrl_
Module: C:\WATCOM/lib386/nt\flib7.lib(rdutils.c)
00411b80       NextRec_
Module: C:\WATCOM/lib386/nt\flib7.lib(undefcg.c)
00411d20       OutLogCG_
00411d30       OutIntCG_
00411d70+      FmtRealCG_
00411da0+      FmtDoubleCG_
00411dd0+      FmtExtendedCG_
00411e00+      UndefIntCG_
00411e00+      UndefLogCG_
00411e00+      UndefExtendedCG_
00411e00+      UndefDoubleCG_
00411e00+      UndefRealCG_
00411e10+      GetRealCG_
0041c4ac       _FmtRealRtn
0041c4b0       _FmtDoubleRtn
0041c4b4       _FmtExtendedRtn
0041c4b8       _SendStrRtn
0041c4bc       _UndefRealRtn
0041c4c0       _UndefDoubleRtn
0041c4c4       _UndefExtendedRtn
0041c4c8       _UndefLogRtn
0041c4cc       _UndefIntRtn
0041c4d0       _GetRealRtn
Module: C:\WATCOM/lib386/nt\flib7.lib(rfmtlog.c)
00411e30       R_FmtLog_
Module: C:\WATCOM/lib386/nt\clib3r.lib(toupper.c)
00411e60       toupper_
Module: C:\WATCOM/lib386/nt\flib7.lib(fmtcnvt.c)
00411e70       FmtS2I_
00411fa0       FmtS2F_
Module: C:\WATCOM/lib386/nt\flib7.lib(fmtrtns.c)
00412370       R_F2E_
004124e0       R_F2F_
00412670       SetMaxPrec_
Module: C:\WATCOM/lib386/nt\flib7.lib(flt86.c)
00412680       _P1d100
00412688       _P1d_99
Module: C:\WATCOM/lib386\math387r.lib(pow87)
004127e9*      pow_
00412690       IF@DPOW
00412690*      IF@POW
Module: C:\WATCOM/lib386/nt\flib7.lib(hexcnv.c)
00412810       Hex_
00412830*      HSToB_
004128a0       BToHS_
Module: C:\WATCOM/lib386/nt\clib3r.lib(strupr.c)
004128f0       strupr_
Module: C:\WATCOM/lib386/nt\flib7.lib(unfmtutl.c)
00412910       _SizeVars
Module: C:\WATCOM/lib386/nt\clib3r.lib(getenv.c)
00412920       getenv_
Module: C:\WATCOM/lib386/nt\clib3r.lib(__stos)
004129b0       __STOSB
004129e7*      __STOSD
Module: C:\WATCOM/lib386/nt\clib3r.lib(memmove.c)
00412a60       memmove_
Module: C:\WATCOM/lib386/nt\clib3r.lib(itoa.c)
00412ac0       utoa_
00412b10       itoa_
Module: C:\WATCOM/lib386/nt\clib3r.lib(fgtattr.c)
00412b40       __fixed_GetFileAttributesA_
Module: C:\WATCOM/lib386/nt\clib3r.lib(gtcwdwnt.c)
00412be0       getcwd_
Module: C:\WATCOM/lib386/nt\clib3r.lib(ntdirinf.c)
00412c70       __MakeDOSDT_
00412ca0*      __FromDOSDT_
00412cd0*      __GetNTDirInfo_
00412d10*      __NTFindNextFileWithAttr_
Module: C:\WATCOM/lib386/nt\clib3r.lib(d2ttime.c)
00412d70       _d2ttime_
Module: C:\WATCOM/lib386/nt\clib3r.lib(strerror.c)
00413110       strerror_
00413130*      _strerror_
00413200*      _doserror_
0041c4d4+      __sys_errlist
0041c578+      __sys_nerr
Module: C:\WATCOM/lib386/nt\clib3r.lib(_strcmp)
00413230       strcmp_
Module: C:\WATCOM/lib386/nt\clib3r.lib(mbspbrk.c)
00413370       _mbspbrk_
Module: C:\WATCOM/lib386/nt\clib3r.lib(mbsinc.c)
004133c0       _mbsinc_
Module: C:\WATCOM/lib386/nt\clib3r.lib(tolower.c)
004133f0       tolower_
Module: C:\WATCOM/lib386/nt\clib3r.lib(unlnkwnt.c)
00413400       unlink_
Module: C:\WATCOM/lib386/nt\clib3r.lib(chsizwnt.c)
00413480       chsize_
Module: C:\WATCOM/lib386/nt\clib3r.lib(read.c)
00413570       read_
Module: C:\WATCOM/lib386/nt\flib7.lib(chrutils.c)
00413700       JmpBlanks_
Module: C:\WATCOM/lib386/nt\clib3r.lib(chipd32.asm)
0041382b       __fdiv_fpr
00413ced*      __fdiv_chk
00413d00*      __fdiv_m32
00413d4d*      __fdiv_m64
00413d9a*      __fdiv_m32r
00413de7*      __fdiv_m64r
Module: C:\WATCOM/lib386/nt\clib3r.lib(cinit.c)
00413e40       __CommonInit_
Module: C:\WATCOM/lib386/nt\clib3r.lib(___argc.c)
0041de3c       ____Argc
0041de40       ____Argv
Module: C:\WATCOM/lib386/nt\flib7.lib(rtmain.c)
00413e50       main_
Module: C:\WATCOM/lib386/nt\clib3r.lib(abort.c)
00413e77*      abort_
00413e89       __terminate_
0041c57c       ___abort
Module: C:\WATCOM/lib386/nt\clib3r.lib(cntrl87.c)
00413ea0       _control87_
Module: C:\WATCOM/lib386/nt\clib3r.lib(mthread.c)
00414080+      __CloseSemaphore_
004140c0+      __AccessIOB_
004140d0+      __ReleaseIOB_
004140e0+      __AccessFileH_
004140f0+      __ReleaseFileH_
00414100+      __AccessNHeap_
00414110+      __ReleaseNHeap_
00414120+      __AccessFHeap_
00414130+      __ReleaseFHeap_
00414140+      __AccessTDList_
00414150+      __ReleaseTDList_
00414160+      __AccessFList_
00414170+      __AccessSemaphore_
004141d0+      __ReleaseFList_
004141e0+      __ReleaseSemaphore_
00414210+      __MultipleThread_
00414260+      __AllocInitThreadData_
004142b0*      __FreeInitThreadData_
004142c0       __NTThreadInit_
00414330       __NTAddThread_
00414380       __NTRemoveThread_
00414410       __InitMultipleThread_
0041c580+      ___AccessSema4
0041c584+      ___ReleaseSema4
0041c588+      ___CloseSema4
Module: C:\WATCOM/lib386/nt\clib3r.lib(xmsgwnt.c)
004145d0+      __exit_with_msg_
00414630       __fatal_runtime_error_
Module: C:\WATCOM/lib386/nt\clib3r.lib(calloc.c)
00414650       calloc_
Module: C:\WATCOM/lib386/nt\clib3r.lib(register.c)
00414680       __initthread_
00414690*      _beginthread_
004146a0       _endthread_
004146b0*      __RegisterThreadData_
Module: C:\WATCOM/lib386/nt\clib3r.lib(nmemneed.c)
00414700       __nmemneed_
Module: C:\WATCOM/lib386/nt\clib3r.lib(grownear.c)
00414870       __ExpandDGROUP_
Module: C:\WATCOM/lib386/nt\clib3r.lib(nmsize.c)
00414890       _nmsize_
00414890*      _msize_
Module: C:\WATCOM/lib386/nt\clib3r.lib(nexpand.c)
004148a0       _nexpand_
004148a0*      _expand_
004148e0+      __HeapManager_expand_
Module: C:\WATCOM/lib386/nt\clib3r.lib(dofilstr.c)
00414ac0       __ParsePosixHandleStr_
Module: C:\WATCOM/lib386/nt\clib3r.lib(clearenv.c)
00414be0       clearenv_
Module: C:\WATCOM/lib386/nt\clib3r.lib(__lseek.c)
00414c70       __lseek_
Module: C:\WATCOM/lib386/nt\clib3r.lib(fclose.c)
00414cb0+      __doclose_
00414d50       __shutdown_stream_
00414d70*      fclose_
0041e5b0+      ___RmTmpFileFn
Module: C:\WATCOM/lib386/nt\clib3r.lib(freefp.c)
00414dc0       __freefp_
00414e10       __purgefp_
Module: C:\WATCOM/lib386/nt\clib3r.lib(isattwnt.c)
00414e40       isatty_
Module: C:\WATCOM/lib386/nt\clib3r.lib(_clsewnt.c)
00414e60       __close_
Module: C:\WATCOM/lib386/nt\clib3r.lib(ntfio.c)
00414ec0*      __GetNTCreateAttr_
00414f00       __GetNTAccessAttr_
00414f30       __GetNTShareAttr_
Module: C:\WATCOM/lib386/nt\clib3r.lib(umaskval.c)
0041c598       ___umaskval
Module: C:\WATCOM/lib386/nt\clib3r.lib(alphabet.c)
0041b558       ___Alphabet
Module: C:\WATCOM/lib386/nt\flib7.lib(expchk.c)
00414f90       ToFFormat_
Module: C:\WATCOM/lib386/nt\flib7.lib(intarith.c)
00414fe0       AddIOFlo_
00414ff0*      SubIOFlo_
00415000       MulIOFlo_
Module: C:\WATCOM/lib386\math387r.lib(strtod.c)
00415523+      __Strtold_
0041568a       strtod_
Module: C:\WATCOM/lib386\math387r.lib(ldcvt.c)
004158ad       _LDScale10x_
00415e54       __LDcvt_
Module: C:\WATCOM/lib386\math387r.lib(pow87e.c)
004162a1       __pow87_err_
Module: C:\WATCOM/lib386/nt\clib3r.lib(mbterm.c)
00416330       _mbterm_
Module: C:\WATCOM/lib386/nt\clib3r.lib(mbsnextc.c)
00416370       _mbsnextc_
Module: C:\WATCOM/lib386/nt\clib3r.lib(mbcupper.c)
004163b0       _mbctoupper_
Module: C:\WATCOM/lib386/nt\clib3r.lib(strncpy.c)
004163e0       strncpy_
Module: C:\WATCOM/lib386/nt\clib3r.lib(mktime.c)
00416420       mktime_
Module: C:\WATCOM/lib386/nt\clib3r.lib(mbschr.c)
004164b0       _mbschr_
Module: C:\WATCOM/lib386/nt\clib3r.lib(mbisdbcs.c)
0041e5b4       ___IsDBCS
Module: C:\WATCOM/lib386/nt\clib3r.lib(mbislead.c)
00416510*      _ismbblead_
0041e5b8       ___MBCSIsTable
Module: C:\WATCOM/lib386/nt\clib3r.lib(argcv.c)
0041e6bc       __argc
0041e6c0       __argv
0041e6c4       ___argv
0041e6c8       ___argc
Module: C:\WATCOM/lib386/nt\clib3r.lib(trdalloc.c)
00416530       __FiniThreadProcessing_
Module: C:\WATCOM/lib386/nt\clib3r.lib(nheapmin.c)
00416540       _nheapshrink_
00416540*      _nheapmin_
00416540*      _heapmin_
00416540       _heapshrink_
Module: C:\WATCOM/lib386/nt\clib3r.lib(thredwnt.c)
004166e0       __CBeginThread_
00416780       __CEndThread_
Module: C:\WATCOM/lib386/nt\clib3r.lib(amblksiz.c)
0041c644       __amblksiz
Module: C:\WATCOM/lib386/nt\clib3r.lib(heapen.c)
004167c0*      _heapenable_
0041c648       ___heap_enabled
Module: C:\WATCOM/lib386/nt\clib3r.lib(strtol.c)
00416a10*      strtoul_
00416a20       strtol_
Module: C:\WATCOM/lib386/nt\clib3r.lib(putenv.c)
00416a30       putenv_
00416cc0       __putenv_
Module: C:\WATCOM/lib386/nt\clib3r.lib(flush.c)
00416e30       __flush_
Module: C:\WATCOM/lib386\math387r.lib(bufld386)
00416f2c       __ZBuf2LD
Module: C:\WATCOM/lib386\math387r.lib(inf_nan.c)
00416fcf*      ___f_infinity
00416fd3*      ___f_posqnan
00416fd7       ___d_infinity
00416fdf       ___d_posqnan
00416fe7*      ___ld_infinity
00416fef*      ___ld_posqnan
Module: C:\WATCOM/lib386/nt\clib3r.lib(hugeval.c)
00417000       __HugeValue
Module: C:\WATCOM/lib386\math387r.lib(ldclass.c)
00417008       __LDClass_
00417058*      _FLClass_
Module: C:\WATCOM/lib386/nt\clib3r.lib(mbconv.c)
00417070       _mbvtop_
Module: C:\WATCOM/lib386/nt\clib3r.lib(locmktim.c)
00417090       __local_mktime_
Module: C:\WATCOM/lib386/nt\clib3r.lib(gmtime.c)
00417210       __brktime_
00417310+      _gmtime_
00417330*      gmtime_
Module: C:\WATCOM/lib386/nt\clib3r.lib(tzset.c)
0041c6d8       ___start_dst
0041c6fc       ___end_dst
0041c824*      _tzname
0041c82c       _timezone
0041c830       _daylight
0041c834       ___dst_adjust
004173a0*      __DontCacheOSTZ_
004173b0*      __CacheOSTZ_
00417890+      __parse_tz_
00417c80       tzset_
Module: C:\WATCOM/lib386/nt\clib3r.lib(timeutil.c)
00417df0       __isindst_
Module: C:\WATCOM/lib386/nt\clib3r.lib(mbclen.c)
00418120       _mbclen_
Module: C:\WATCOM/lib386/nt\clib3r.lib(mbccmp.c)
00418150       _mbccmp_
Module: C:\WATCOM/lib386/nt\clib3r.lib(mbinit.c)
004181c5       __mbinit_
0041c83c       ___MBCodePage
Module: C:\WATCOM/lib386/nt\clib3r.lib(initargv.c)
004182c0       __Init_Argv_
00418310+      _getargv_
004184b0       __Fini_Argv_
Module: C:\WATCOM/lib386/nt\clib3r.lib(mbslen.c)
004184c0       _mbslen_
Module: C:\WATCOM/lib386/nt\clib3r.lib(mbstowcs.c)
004184f0       mbstowcs_
Module: C:\WATCOM/lib386/nt\clib3r.lib(uputenv.c)
00418570*      _wputenv_
00418790       __wputenv_
Module: C:\WATCOM/lib386/nt\clib3r.lib(fsync.c)
00418890       fsync_
Module: C:\WATCOM/lib386/nt\clib3r.lib(qwrit.c)
004188e0       __qwrite_
Module: C:\WATCOM/lib386/nt\clib3r.lib(leapyear.c)
004189c0       __leapyear_
0041b580       ___diyr
0041b59a       ___dilyr
Module: C:\WATCOM/lib386/nt\clib3r.lib(wcstombs.c)
00418a00       wcstombs_
Module: C:\WATCOM/lib386/nt\clib3r.lib(histsplt.c)
0041e6d0       ___historical_splitparms
Module: C:\WATCOM/lib386/nt\clib3r.lib(mbtowc.c)
00418aa0       mbtowc_
Module: C:\WATCOM/lib386/nt\clib3r.lib(ustrchr.c)
00418b30       wcschr_
Module: C:\WATCOM/lib386/nt\clib3r.lib(setenvar.c)
00418b50       __lib_SetEnvironmentVariableW_
Module: C:\WATCOM/lib386/nt\clib3r.lib(crtwenv.c)
00418c40       __create_wide_environment_
Module: C:\WATCOM/lib386/nt\clib3r.lib(utoupper.c)
00418ca8       towupper_
Module: C:\WATCOM/lib386/nt\clib3r.lib(wctomb.c)
00418cc0       wctomb_


                        +----------------------+
                        |   Imported Symbols   |
                        +----------------------+

Symbol                              Module
======                              ======

_GetEnvironmentStringsA@0           KERNEL32.DLL
_GetVersion@0                       KERNEL32.DLL
_GetModuleFileNameA@12              KERNEL32.DLL
_GetCommandLineA@0                  KERNEL32.DLL
_GetCommandLineW@0                  KERNEL32.DLL
_FreeEnvironmentStringsA@4          KERNEL32.DLL
_GetModuleHandleA@4                 KERNEL32.DLL
_ExitProcess@4                      KERNEL32.DLL
_RtlUnwind@16                       KERNEL32.DLL
_MessageBoxA@16                     USER32.DLL
_SetStdHandle@8                     KERNEL32.DLL
_CreateEventA@16                    KERNEL32.DLL
_GetStdHandle@4                     KERNEL32.DLL
_CloseHandle@4                      KERNEL32.DLL
_GetModuleFileNameW@12              KERNEL32.DLL
_MultiByteToWideChar@24             KERNEL32.DLL
_LoadLibraryA@4                     KERNEL32.DLL
_GetProcAddress@8                   KERNEL32.DLL
_WriteFile@20                       KERNEL32.DLL
_SetUnhandledExceptionFilter@4      KERNEL32.DLL
_UnhandledExceptionFilter@4         KERNEL32.DLL
_VirtualQuery@12                    KERNEL32.DLL
_SetFilePointer@16                  KERNEL32.DLL
_GetLastError@0                     KERNEL32.DLL
_GetFileType@4                      KERNEL32.DLL
_GetFullPathNameA@16                KERNEL32.DLL
_GetFileInformationByHandle@8       KERNEL32.DLL
_GetFileTime@16                     KERNEL32.DLL
_GetFileSize@8                      KERNEL32.DLL
_CreateFileA@28                     KERNEL32.DLL
_GetDriveTypeA@4                    KERNEL32.DLL
_FindFirstFileA@8                   KERNEL32.DLL
_FindClose@4                        KERNEL32.DLL
_GetCurrentThreadId@0               KERNEL32.DLL
_SetConsoleCtrlHandler@8            KERNEL32.DLL
_TlsGetValue@4                      KERNEL32.DLL
_TlsSetValue@8                      KERNEL32.DLL
_GetFileAttributesA@4               KERNEL32.DLL
_GetCurrentDirectoryA@8             KERNEL32.DLL
_FileTimeToLocalFileTime@8          KERNEL32.DLL
_FileTimeToDosDateTime@12           KERNEL32.DLL
_DosDateTimeToFileTime@12           KERNEL32.DLL
_LocalFileTimeToFileTime@8          KERNEL32.DLL
_FindNextFileA@8                    KERNEL32.DLL
_FormatMessageA@28                  KERNEL32.DLL
_DeleteFileA@4                      KERNEL32.DLL
_SetEndOfFile@4                     KERNEL32.DLL
_ReadFile@20                        KERNEL32.DLL
_InitializeCriticalSection@4        KERNEL32.DLL
_DeleteCriticalSection@4            KERNEL32.DLL
_LeaveCriticalSection@4             KERNEL32.DLL
_EnterCriticalSection@4             KERNEL32.DLL
_SetLastError@4                     KERNEL32.DLL
_TlsAlloc@0                         KERNEL32.DLL
_TlsFree@4                          KERNEL32.DLL
_VirtualAlloc@16                    KERNEL32.DLL
_CharUpperA@4                       USER32.DLL
_VirtualFree@12                     KERNEL32.DLL
_CreateThread@24                    KERNEL32.DLL
_ResumeThread@4                     KERNEL32.DLL
_ExitThread@4                       KERNEL32.DLL
_SetEnvironmentVariableA@8          KERNEL32.DLL
_GetTimeZoneInformation@4           KERNEL32.DLL
_GetACP@0                           KERNEL32.DLL
_GetOEMCP@0                         KERNEL32.DLL
_GetCPInfo@8                        KERNEL32.DLL
_FlushFileBuffers@4                 KERNEL32.DLL
_SetEnvironmentVariableW@8          KERNEL32.DLL
_WideCharToMultiByte@32             KERNEL32.DLL


                        +--------------------+
                        |   Libraries Used   |
                        +--------------------+

C:\WATCOM/lib386/nt\kernel32.lib
C:\WATCOM/lib386/nt\user32.lib
C:\WATCOM/lib386/nt\flib7.lib
C:\WATCOM/lib386\math387r.lib
C:\WATCOM/lib386/nt\clib3r.lib
C:\WATCOM/lib386/nt\emu387.lib


                        +-----------------------+
                        |   Linker Statistics   |
                        +-----------------------+

Stack size:  00010000 (65536.)
Memory size:  0002d37c (185212.)
Entry point address: 00405c40
Link time: 00:00.78
